Component: ARM Compiler 5.06 update 6 (build 750) Tool: armlink [4d35ed]

==============================================================================

Section Cross References

    main.o(i.ADC_Config) refers to stm32f4xx_rcc.o(i.RCC_AHB1PeriphClockCmd) for RCC_AHB1PeriphClockCmd
    main.o(i.ADC_Config) refers to stm32f4xx_rcc.o(i.RCC_APB2PeriphClockCmd) for RCC_APB2PeriphClockCmd
    main.o(i.ADC_Config) refers to stm32f4xx_gpio.o(i.GPIO_Init) for GPIO_Init
    main.o(i.ADC_Config) refers to stm32f4xx_dma.o(i.DMA_Init) for DMA_Init
    main.o(i.ADC_Config) refers to stm32f4xx_dma.o(i.DMA_Cmd) for DMA_Cmd
    main.o(i.ADC_Config) refers to stm32f4xx_adc.o(i.ADC_CommonInit) for ADC_CommonInit
    main.o(i.ADC_Config) refers to stm32f4xx_adc.o(i.ADC_Init) for ADC_Init
    main.o(i.ADC_Config) refers to stm32f4xx_adc.o(i.ADC_RegularChannelConfig) for ADC_RegularChannelConfig
    main.o(i.ADC_Config) refers to stm32f4xx_adc.o(i.ADC_DMACmd) for ADC_DMACmd
    main.o(i.ADC_Config) refers to stm32f4xx_adc.o(i.ADC_DMARequestAfterLastTransferCmd) for ADC_DMARequestAfterLastTransferCmd
    main.o(i.ADC_Config) refers to stm32f4xx_adc.o(i.ADC_Cmd) for ADC_Cmd
    main.o(i.ADC_Config) refers to stm32f4xx_adc.o(i.ADC_SoftwareStartConv) for ADC_SoftwareStartConv
    main.o(i.ADC_Config) refers to main.o(.data) for .data
    main.o(i.Bat_Tat) refers to stm32f4xx_gpio.o(i.GPIO_ReadInputDataBit) for GPIO_ReadInputDataBit
    main.o(i.Bat_Tat) refers to stm32f4xx_gpio.o(i.GPIO_ResetBits) for GPIO_ResetBits
    main.o(i.Bat_Tat) refers to stm32f4xx_gpio.o(i.GPIO_SetBits) for GPIO_SetBits
    main.o(i.Bat_Tat) refers to main.o(.data) for .data
    main.o(i.GPIO_Config) refers to stm32f4xx_rcc.o(i.RCC_AHB1PeriphClockCmd) for RCC_AHB1PeriphClockCmd
    main.o(i.GPIO_Config) refers to stm32f4xx_gpio.o(i.GPIO_Init) for GPIO_Init
    main.o(i.TIM_PWM_Configuration) refers to stm32f4xx_rcc.o(i.RCC_APB2PeriphClockCmd) for RCC_APB2PeriphClockCmd
    main.o(i.TIM_PWM_Configuration) refers to stm32f4xx_rcc.o(i.RCC_AHB1PeriphClockCmd) for RCC_AHB1PeriphClockCmd
    main.o(i.TIM_PWM_Configuration) refers to stm32f4xx_gpio.o(i.GPIO_Init) for GPIO_Init
    main.o(i.TIM_PWM_Configuration) refers to stm32f4xx_gpio.o(i.GPIO_PinAFConfig) for GPIO_PinAFConfig
    main.o(i.TIM_PWM_Configuration) refers to stm32f4xx_tim.o(i.TIM_TimeBaseInit) for TIM_TimeBaseInit
    main.o(i.TIM_PWM_Configuration) refers to stm32f4xx_tim.o(i.TIM_OC1Init) for TIM_OC1Init
    main.o(i.TIM_PWM_Configuration) refers to stm32f4xx_tim.o(i.TIM_OC1PreloadConfig) for TIM_OC1PreloadConfig
    main.o(i.TIM_PWM_Configuration) refers to stm32f4xx_tim.o(i.TIM_OC2Init) for TIM_OC2Init
    main.o(i.TIM_PWM_Configuration) refers to stm32f4xx_tim.o(i.TIM_OC2PreloadConfig) for TIM_OC2PreloadConfig
    main.o(i.TIM_PWM_Configuration) refers to stm32f4xx_tim.o(i.TIM_OC3Init) for TIM_OC3Init
    main.o(i.TIM_PWM_Configuration) refers to stm32f4xx_tim.o(i.TIM_OC3PreloadConfig) for TIM_OC3PreloadConfig
    main.o(i.TIM_PWM_Configuration) refers to stm32f4xx_tim.o(i.TIM_ARRPreloadConfig) for TIM_ARRPreloadConfig
    main.o(i.TIM_PWM_Configuration) refers to stm32f4xx_tim.o(i.TIM_Cmd) for TIM_Cmd
    main.o(i.TIM_PWM_Configuration) refers to stm32f4xx_tim.o(i.TIM_CtrlPWMOutputs) for TIM_CtrlPWMOutputs
    main.o(i.TIM_PWM_Configuration) refers to system_stm32f4xx.o(.data) for SystemCoreClock
    main.o(i.cai_dat) refers to stm32f4xx_gpio.o(i.GPIO_ReadInputDataBit) for GPIO_ReadInputDataBit
    main.o(i.cai_dat) refers to lcd.o(i.lcd_Clear) for lcd_Clear
    main.o(i.cai_dat) refers to lcd.o(i.lcd_Goto) for lcd_Goto
    main.o(i.cai_dat) refers to printf1.o(i.__0printf$1) for __2printf
    main.o(i.cai_dat) refers to main.o(.data) for .data
    main.o(i.cai_dat) refers to main.o(.bss) for .bss
    main.o(i.cai_dat) refers to tm_stm32f4_rtc.o(i.TM_RTC_SetDateTime) for TM_RTC_SetDateTime
    main.o(i.hien_thi) refers to stm32f4xx_gpio.o(i.GPIO_ReadInputDataBit) for GPIO_ReadInputDataBit
    main.o(i.hien_thi) refers to lcd.o(i.lcd_Clear) for lcd_Clear
    main.o(i.hien_thi) refers to lcd.o(i.lcd_Goto) for lcd_Goto
    main.o(i.hien_thi) refers to printf1.o(i.__0printf$1) for __2printf
    main.o(i.hien_thi) refers to main.o(.data) for .data
    main.o(i.hien_thi) refers to main.o(.bss) for .bss
    main.o(i.main) refers to main.o(i.GPIO_Config) for GPIO_Config
    main.o(i.main) refers to stm32f4xx_gpio.o(i.GPIO_SetBits) for GPIO_SetBits
    main.o(i.main) refers to main.o(i.ADC_Config) for ADC_Config
    main.o(i.main) refers to main.o(i.TIM_PWM_Configuration) for TIM_PWM_Configuration
    main.o(i.main) refers to tm_stm32f4_rtc.o(i.TM_RTC_Init) for TM_RTC_Init
    main.o(i.main) refers to lcd.o(i.lcd_Init) for lcd_Init
    main.o(i.main) refers to lcd.o(i.lcd_Clear) for lcd_Clear
    main.o(i.main) refers to lcd.o(i.lcd_Goto) for lcd_Goto
    main.o(i.main) refers to printf1.o(i.__0printf$1) for __2printf
    main.o(i.main) refers to dfltui.o(.text) for __aeabi_ui2d
[...]
    printf7.o(i.__0printf$7) refers to printf7.o(i._printf_core) for _printf_core
    printf7.o(i.__0printf$7) refers to reprintf.o(i.fputc) for fputc
    printf7.o(i.__0printf$7) refers to stdout.o(.data) for __stdout
    printf7.o(i.__0snprintf$7) refers to printf7.o(i._printf_core) for _printf_core
    printf7.o(i.__0snprintf$7) refers to printf7.o(i._snputc) for _snputc
    printf7.o(i.__0sprintf$7) refers to printf7.o(i._printf_core) for _printf_core
    printf7.o(i.__0sprintf$7) refers to printf7.o(i._sputc) for _sputc
    printf7.o(i.__0vfprintf$7) refers to printf7.o(i._printf_core) for _printf_core
    printf7.o(i.__0vfprintf$7) refers to reprintf.o(i.fputc) for fputc
    printf7.o(i.__0vprintf$7) refers to printf7.o(i._printf_core) for _printf_core
    printf7.o(i.__0vprintf$7) refers to reprintf.o(i.fputc) for fputc
    printf7.o(i.__0vprintf$7) refers to stdout.o(.data) for __stdout
    printf7.o(i.__0vsnprintf$7) refers to printf7.o(i._printf_core) for _printf_core
    printf7.o(i.__0vsnprintf$7) refers to printf7.o(i._snputc) for _snputc
    printf7.o(i.__0vsprintf$7) refers to printf7.o(i._printf_core) for _printf_core
    printf7.o(i.__0vsprintf$7) refers to printf7.o(i._sputc) for _sputc
    printf7.o(i._printf_core) refers to printf7.o(i._printf_pre_padding) for _printf_pre_padding
    printf7.o(i._printf_core) refers to uldiv.o(.text) for __aeabi_uldivmod
    printf7.o(i._printf_core) refers to printf7.o(i._printf_post_padding) for _printf_post_padding
    printf8.o(i.__0fprintf$8) refers to printf8.o(i._printf_core) for _printf_core
    printf8.o(i.__0fprintf$8) refers to reprintf.o(i.fputc) for fputc
    printf8.o(i.__0printf$8) refers to printf8.o(i._printf_core) for _printf_core
    printf8.o(i.__0printf$8) refers to reprintf.o(i.fputc) for fputc
    printf8.o(i.__0printf$8) refers to stdout.o(.data) for __stdout
    printf8.o(i.__0snprintf$8) refers to printf8.o(i._printf_core) for _printf_core
    printf8.o(i.__0snprintf$8) refers to printf8.o(i._snputc) for _snputc
    printf8.o(i.__0sprintf$8) refers to printf8.o(i._printf_core) for _printf_core
    printf8.o(i.__0sprintf$8) refers to printf8.o(i._sputc) for _sputc
    printf8.o(i.__0vfprintf$8) refers to printf8.o(i._printf_core) for _printf_core
    printf8.o(i.__0vfprintf$8) refers to reprintf.o(i.fputc) for fputc
    printf8.o(i.__0vprintf$8) refers to printf8.o(i._printf_core) for _printf_core
    printf8.o(i.__0vprintf$8) refers to reprintf.o(i.fputc) for fputc
    printf8.o(i.__0vprintf$8) refers to stdout.o(.data) for __stdout
    printf8.o(i.__0vsnprintf$8) refers to printf8.o(i._printf_core) for _printf_core
    printf8.o(i.__0vsnprintf$8) refers to printf8.o(i._snputc) for _snputc
    printf8.o(i.__0vsprintf$8) refers to printf8.o(i._printf_core) for _printf_core
    printf8.o(i.__0vsprintf$8) refers to printf8.o(i._sputc) for _sputc
    printf8.o(i._printf_core) refers to printf8.o(i._printf_pre_padding) for _printf_pre_padding
    printf8.o(i._printf_core) refers to uldiv.o(.text) for __aeabi_uldivmod
    printf8.o(i._printf_core) refers to printf8.o(i._printf_post_padding) for _printf_post_padding
    printfa.o(i.__0fprintf) refers (Special) to iusefp.o(.text) for __I$use$fp
    printfa.o(i.__0fprintf) refers to printfa.o(i._printf_core) for _printf_core
    printfa.o(i.__0fprintf) refers to reprintf.o(i.fputc) for fputc
    printfa.o(i.__0printf) refers (Special) to iusefp.o(.text) for __I$use$fp
    printfa.o(i.__0printf) refers to printfa.o(i._printf_core) for _printf_core
    printfa.o(i.__0printf) refers to reprintf.o(i.fputc) for fputc
    printfa.o(i.__0printf) refers to stdout.o(.data) for __stdout
    printfa.o(i.__0snprintf) refers (Special) to iusefp.o(.text) for __I$use$fp
    printfa.o(i.__0snprintf) refers to printfa.o(i._printf_core) for _printf_core
    printfa.o(i.__0snprintf) refers to printfa.o(i._snputc) for _snputc
    printfa.o(i.__0sprintf) refers (Special) to iusefp.o(.text) for __I$use$fp
    printfa.o(i.__0sprintf) refers to printfa.o(i._printf_core) for _printf_core
    printfa.o(i.__0sprintf) refers to printfa.o(i._sputc) for _sputc
    printfa.o(i.__0vfprintf) refers (Special) to iusefp.o(.text) for __I$use$fp
    printfa.o(i.__0vfprintf) refers to printfa.o(i._printf_core) for _printf_core
    printfa.o(i.__0vfprintf) refers to reprintf.o(i.fputc) for fputc
    printfa.o(i.__0vprintf) refers (Special) to iusefp.o(.text) for __I$use$fp
    printfa.o(i.__0vprintf) refers to printfa.o(i._printf_core) for _printf_core
    printfa.o(i.__0vprintf) refers to reprintf.o(i.fputc) for fputc
    printfa.o(i.__0vprintf) refers to stdout.o(.data) for __stdout
    printfa.o(i.__0vsnprintf) refers (Special) to iusefp.o(.text) for __I$use$fp
    printfa.o(i.__0vsnprintf) refers to printfa.o(i._printf_core) for _printf_core
    printfa.o(i.__0vsnprintf) refers to printfa.o(i._snputc) for _snputc
    printfa.o(i.__0vsprintf) refers (Special) to iusefp.o(.text) for __I$use$fp
    printfa.o(i.__0vsprintf) refers to printfa.o(i._printf_core) for _printf_core
    printfa.o(i.__0vsprintf) refers to printfa.o(i._sputc) for _sputc
    printfa.o(i._fp_digits) refers (Special) to iusefp.o(.text) for __I$use$fp
    printfa.o(i._fp_digits) refers to dmul.o(.text) for __aeabi_dmul
    printfa.o(i._fp_digits) refers to ddiv.o(.text) for __aeabi_ddiv
    printfa.o(i._fp_digits) refers to cdrcmple.o(.text) for __aeabi_cdrcmple
    printfa.o(i._fp_digits) refers to dadd.o(.text) for __aeabi_dadd
    printfa.o(i._fp_digits) refers to dfixul.o(.text) for __aeabi_d2ulz
    printfa.o(i._fp_digits) refers to uldiv.o(.text) for __aeabi_uldivmod
    printfa.o(i._printf_core) refers (Special) to iusefp.o(.text) for __I$use$fp
    printfa.o(i._printf_core) refers to printfa.o(i._printf_pre_padding) for _printf_pre_padding
    printfa.o(i._printf_core) refers to uldiv.o(.text) for __aeabi_uldivmod
    printfa.o(i._printf_core) refers to printfa.o(i._printf_post_padding) for _printf_post_padding
    printfa.o(i._printf_core) refers to printfa.o(i._fp_digits) for _fp_digits
    printfa.o(i._printf_core) refers to uidiv.o(.text) for __aeabi_uidivmod
    printfa.o(i._printf_post_padding) refers (Special) to iusefp.o(.text) for __I$use$fp
    printfa.o(i._printf_pre_padding) refers (Special) to iusefp.o(.text) for __I$use$fp
    printfa.o(i._snputc) refers (Special) to iusefp.o(.text) for __I$use$fp
    printfa.o(i._sputc) refers (Special) to iusefp.o(.text) for __I$use$fp
    dmul.o(.text) refers (Special) to iusefp.o(.text) for __I$use$fp
    dmul.o(.text) refers to depilogue.o(.text) for _double_epilogue
    dfltui.o(.text) refers (Special) to iusefp.o(.text) for __I$use$fp
    dfltui.o(.text) refers to depilogue.o(.text) for _double_epilogue
    dfixui.o(.text) refers (Special) to iusefp.o(.text) for __I$use$fp
    dfixui.o(.text) refers to llushr.o(.text) for __aeabi_llsr
    entry2.o(.ARM.Collect$$$$00000001) refers to entry2.o(.ARM.Collect$$$$00002712) for __lit__00000000
    entry2.o(.ARM.Collect$$$$00002712) refers to startup_stm32f407xx.o(STACK) for __initial_sp
    entry2.o(__vectab_stack_and_reset_area) refers to startup_stm32f407xx.o(STACK) for __initial_sp
    entry2.o(__vectab_stack_and_reset_area) refers to entry.o(.ARM.Collect$$$$00000000) for __main
    entry5.o(.ARM.Collect$$$$00000004) refers to init.o(.text) for __scatterload
    entry9a.o(.ARM.Collect$$$$0000000B) refers to main.o(i.main) for main
    entry9b.o(.ARM.Collect$$$$0000000C) refers to main.o(i.main) for main
    uldiv.o(.text) refers to llushr.o(.text) for __aeabi_llsr
    uldiv.o(.text) refers to llshl.o(.text) for __aeabi_llsl
    depilogue.o(.text) refers to llshl.o(.text) for __aeabi_llsl
    depilogue.o(.text) refers to llushr.o(.text) for __aeabi_llsr
    dadd.o(.text) refers to llshl.o(.text) for __aeabi_llsl
    dadd.o(.text) refers to llsshr.o(.text) for __aeabi_lasr
    dadd.o(.text) refers to depilogue.o(.text) for _double_epilogue
    ddiv.o(.text) refers to depilogue.o(.text) for _double_round
    dfixul.o(.text) refers to llushr.o(.text) for __aeabi_llsr
    dfixul.o(.text) refers to llshl.o(.text) for __aeabi_llsl
    init.o(.text) refers to entry5.o(.ARM.Collect$$$$00000004) for __main_after_scatterload


==============================================================================

Removing Unused input sections from the image.

    Removing main.o(.rev16_text), (4 bytes).
    Removing main.o(.revsh_text), (4 bytes).
    Removing main.o(.rrx_text), (6 bytes).
    Removing main.o(i.Delay), (12 bytes).
    Removing tm_stm32f4_rtc.o(.rev16_text), (4 bytes).
    Removing tm_stm32f4_rtc.o(.revsh_text), (4 bytes).
    Removing tm_stm32f4_rtc.o(.rrx_text), (6 bytes).
    Removing tm_stm32f4_rtc.o(i.TM_RTC_DisableAlarm), (116 bytes).
    Removing tm_stm32f4_rtc.o(i.TM_RTC_GetDateTimeFromUnix), (228 bytes).
    Removing tm_stm32f4_rtc.o(i.TM_RTC_GetDaysInMonth), (76 bytes).
    Removing tm_stm32f4_rtc.o(i.TM_RTC_GetDaysInYear), (46 bytes).
    Removing tm_stm32f4_rtc.o(i.TM_RTC_Interrupts), (252 bytes).
    Removing tm_stm32f4_rtc.o(i.TM_RTC_SetAlarm), (156 bytes).
    Removing tm_stm32f4_rtc.o(i.TM_RTC_SetDateTimeString), (324 bytes).
    Removing reprintf.o(.rev16_text), (4 bytes).
    Removing reprintf.o(.revsh_text), (4 bytes).
    Removing reprintf.o(.rrx_text), (6 bytes).
    Removing lcd.o(.rev16_text), (4 bytes).
    Removing lcd.o(.revsh_text), (4 bytes).
    Removing lcd.o(.rrx_text), (6 bytes).
    Removing lcd.o(i.lcd_Home), (18 bytes).
    Removing lcd.o(i.lcd_Print_Data), (22 bytes).
    Removing stm32f4xx_gpio.o(.rev16_text), (4 bytes).
    Removing stm32f4xx_gpio.o(.revsh_text), (4 bytes).
    Removing stm32f4xx_gpio.o(.rrx_text), (6 bytes).
    Removing stm32f4xx_gpio.o(i.GPIO_DeInit), (228 bytes).
    Removing stm32f4xx_gpio.o(i.GPIO_PinLockConfig), (24 bytes).
    Removing stm32f4xx_gpio.o(i.GPIO_ReadInputData), (6 bytes).
    Removing stm32f4xx_gpio.o(i.GPIO_ReadOutputData), (6 bytes).
    Removing stm32f4xx_gpio.o(i.GPIO_ReadOutputDataBit), (14 bytes).
    Removing stm32f4xx_gpio.o(i.GPIO_StructInit), (18 bytes).
    Removing stm32f4xx_gpio.o(i.GPIO_ToggleBits), (8 bytes).
    Removing stm32f4xx_gpio.o(i.GPIO_Write), (4 bytes).
    Removing stm32f4xx_gpio.o(i.GPIO_WriteBit), (10 bytes).
    Removing stm32f4xx_rcc.o(.rev16_text), (4 bytes).
    Removing stm32f4xx_rcc.o(.revsh_text), (4 bytes).
    Removing stm32f4xx_rcc.o(.rrx_text), (6 bytes).
    Removing stm32f4xx_rcc.o(i.RCC_AHB1PeriphClockLPModeCmd), (24 bytes).
    Removing stm32f4xx_rcc.o(i.RCC_AHB1PeriphResetCmd), (24 bytes).
    Removing stm32f4xx_rcc.o(i.RCC_AHB2PeriphClockCmd), (24 bytes).
    Removing stm32f4xx_rcc.o(i.RCC_AHB2PeriphClockLPModeCmd), (24 bytes).
    Removing stm32f4xx_rcc.o(i.RCC_AHB2PeriphResetCmd), (24 bytes).
    Removing stm32f4xx_rcc.o(i.RCC_AHB3PeriphClockCmd), (24 bytes).
    Removing stm32f4xx_rcc.o(i.RCC_AHB3PeriphClockLPModeCmd), (24 bytes).
    Removing stm32f4xx_rcc.o(i.RCC_AHB3PeriphResetCmd), (24 bytes).
    Removing stm32f4xx_rcc.o(i.RCC_APB1PeriphClockLPModeCmd), (24 bytes).
    Removing stm32f4xx_rcc.o(i.RCC_APB1PeriphResetCmd), (24 bytes).
    Removing stm32f4xx_rcc.o(i.RCC_APB2PeriphClockLPModeCmd), (24 bytes).
    Removing stm32f4xx_rcc.o(i.RCC_APB2PeriphResetCmd), (24 bytes).
    Removing stm32f4xx_rcc.o(i.RCC_AdjustHSICalibrationValue), (20 bytes).
    Removing stm32f4xx_rcc.o(i.RCC_BackupResetCmd), (12 bytes).
    Removing stm32f4xx_rcc.o(i.RCC_ClearFlag), (16 bytes).
    Removing stm32f4xx_rcc.o(i.RCC_ClearITPendingBit), (12 bytes).
    Removing stm32f4xx_rcc.o(i.RCC_ClockSecuritySystemCmd), (12 bytes).
    Removing stm32f4xx_rcc.o(i.RCC_DeInit), (60 bytes).
    Removing stm32f4xx_rcc.o(i.RCC_GetClocksFreq), (144 bytes).
    Removing stm32f4xx_rcc.o(i.RCC_GetITStatus), (20 bytes).
    Removing stm32f4xx_rcc.o(i.RCC_GetSYSCLKSource), (16 bytes).
    Removing stm32f4xx_rcc.o(i.RCC_HCLKConfig), (20 bytes).
    Removing stm32f4xx_rcc.o(i.RCC_HSEConfig), (16 bytes).
    Removing stm32f4xx_rcc.o(i.RCC_HSICmd), (12 bytes).
    Removing stm32f4xx_rcc.o(i.RCC_I2SCLKConfig), (12 bytes).
    Removing stm32f4xx_rcc.o(i.RCC_ITConfig), (24 bytes).
    Removing stm32f4xx_rcc.o(i.RCC_MCO1Config), (20 bytes).
    Removing stm32f4xx_rcc.o(i.RCC_MCO2Config), (20 bytes).
    Removing stm32f4xx_rcc.o(i.RCC_PCLK1Config), (20 bytes).
    Removing stm32f4xx_rcc.o(i.RCC_PCLK2Config), (20 bytes).
    Removing stm32f4xx_rcc.o(i.RCC_PLLCmd), (12 bytes).
    Removing stm32f4xx_rcc.o(i.RCC_PLLConfig), (40 bytes).
    Removing stm32f4xx_rcc.o(i.RCC_PLLI2SCmd), (12 bytes).
    Removing stm32f4xx_rcc.o(i.RCC_PLLI2SConfig), (16 bytes).
    Removing stm32f4xx_rcc.o(i.RCC_SYSCLKConfig), (20 bytes).
    Removing stm32f4xx_rcc.o(i.RCC_WaitForHSEStartUp), (44 bytes).
    Removing stm32f4xx_rcc.o(.data), (16 bytes).
    Removing stm32f4xx_rtc.o(.rev16_text), (4 bytes).
    Removing stm32f4xx_rtc.o(.revsh_text), (4 bytes).
    Removing stm32f4xx_rtc.o(.rrx_text), (6 bytes).
    Removing stm32f4xx_rtc.o(i.RTC_AlarmCmd), (84 bytes).
    Removing stm32f4xx_rtc.o(i.RTC_AlarmStructInit), (20 bytes).
    Removing stm32f4xx_rtc.o(i.RTC_AlarmSubSecondConfig), (44 bytes).
    Removing stm32f4xx_rtc.o(i.RTC_BypassShadowCmd), (44 bytes).
    Removing stm32f4xx_rtc.o(i.RTC_CalibOutputCmd), (44 bytes).
    Removing stm32f4xx_rtc.o(i.RTC_CalibOutputConfig), (40 bytes).
    Removing stm32f4xx_rtc.o(i.RTC_ClearFlag), (28 bytes).
    Removing stm32f4xx_rtc.o(i.RTC_CoarseCalibCmd), (60 bytes).
    Removing stm32f4xx_rtc.o(i.RTC_CoarseCalibConfig), (52 bytes).
    Removing stm32f4xx_rtc.o(i.RTC_DateStructInit), (14 bytes).
    Removing stm32f4xx_rtc.o(i.RTC_DayLightSavingConfig), (44 bytes).
    Removing stm32f4xx_rtc.o(i.RTC_DeInit), (176 bytes).
    Removing stm32f4xx_rtc.o(i.RTC_GetAlarm), (108 bytes).
    Removing stm32f4xx_rtc.o(i.RTC_GetAlarmSubSecond), (28 bytes).
    Removing stm32f4xx_rtc.o(i.RTC_GetFlagStatus), (28 bytes).
    Removing stm32f4xx_rtc.o(i.RTC_GetStoreOperation), (16 bytes).
    Removing stm32f4xx_rtc.o(i.RTC_GetTimeStamp), (136 bytes).
    Removing stm32f4xx_rtc.o(i.RTC_GetTimeStampSubSecond), (12 bytes).
    Removing stm32f4xx_rtc.o(i.RTC_GetWakeUpCounter), (12 bytes).
    Removing stm32f4xx_rtc.o(i.RTC_ITConfig), (64 bytes).
    Removing stm32f4xx_rtc.o(i.RTC_OutputConfig), (44 bytes).
    Removing stm32f4xx_rtc.o(i.RTC_OutputTypeConfig), (24 bytes).
    Removing stm32f4xx_rtc.o(i.RTC_RefClockCmd), (60 bytes).
    Removing stm32f4xx_rtc.o(i.RTC_SetAlarm), (164 bytes).
    Removing stm32f4xx_rtc.o(i.RTC_SetWakeUpCounter), (28 bytes).
    Removing stm32f4xx_rtc.o(i.RTC_SmoothCalibConfig), (76 bytes).
    Removing stm32f4xx_rtc.o(i.RTC_StructInit), (14 bytes).
    Removing stm32f4xx_rtc.o(i.RTC_SynchroShiftConfig), (88 bytes).
    Removing stm32f4xx_rtc.o(i.RTC_TamperCmd), (24 bytes).
    Removing stm32f4xx_rtc.o(i.RTC_TamperFilterConfig), (24 bytes).
    Removing stm32f4xx_rtc.o(i.RTC_TamperPinSelection), (24 bytes).
    Removing stm32f4xx_rtc.o(i.RTC_TamperPinsPrechargeDuration), (24 bytes).
    Removing stm32f4xx_rtc.o(i.RTC_TamperPullUpCmd), (28 bytes).
    Removing stm32f4xx_rtc.o(i.RTC_TamperSamplingFreqConfig), (24 bytes).
    Removing stm32f4xx_rtc.o(i.RTC_TamperTriggerConfig), (28 bytes).
    Removing stm32f4xx_rtc.o(i.RTC_TimeStampCmd), (48 bytes).
    Removing stm32f4xx_rtc.o(i.RTC_TimeStampOnTamperDetectionCmd), (28 bytes).
    Removing stm32f4xx_rtc.o(i.RTC_TimeStampPinSelection), (24 bytes).
    Removing stm32f4xx_rtc.o(i.RTC_TimeStructInit), (12 bytes).
    Removing stm32f4xx_rtc.o(i.RTC_WakeUpClockConfig), (40 bytes).
    Removing stm32f4xx_rtc.o(i.RTC_WakeUpCmd), (88 bytes).
    Removing stm32f4xx_rtc.o(i.RTC_WriteProtectionCmd), (24 bytes).
    Removing stm32f4xx_exti.o(.rev16_text), (4 bytes).
    Removing stm32f4xx_exti.o(.revsh_text), (4 bytes).
    Removing stm32f4xx_exti.o(.rrx_text), (6 bytes).
    Removing stm32f4xx_exti.o(i.EXTI_ClearFlag), (12 bytes).
    Removing stm32f4xx_exti.o(i.EXTI_DeInit), (36 bytes).
    Removing stm32f4xx_exti.o(i.EXTI_GenerateSWInterrupt), (16 bytes).
    Removing stm32f4xx_exti.o(i.EXTI_GetFlagStatus), (20 bytes).
    Removing stm32f4xx_exti.o(i.EXTI_GetITStatus), (32 bytes).
    Removing stm32f4xx_exti.o(i.EXTI_Init), (112 bytes).
    Removing stm32f4xx_exti.o(i.EXTI_StructInit), (14 bytes).
    Removing stm32f4xx_pwr.o(.rev16_text), (4 bytes).
    Removing stm32f4xx_pwr.o(.revsh_text), (4 bytes).
    Removing stm32f4xx_pwr.o(.rrx_text), (6 bytes).
    Removing stm32f4xx_pwr.o(i.PWR_BackupRegulatorCmd), (12 bytes).
    Removing stm32f4xx_pwr.o(i.PWR_ClearFlag), (16 bytes).
    Removing stm32f4xx_pwr.o(i.PWR_DeInit), (24 bytes).
    Removing stm32f4xx_pwr.o(i.PWR_EnterSTANDBYMode), (40 bytes).
    Removing stm32f4xx_pwr.o(i.PWR_EnterSTOPMode), (52 bytes).
    Removing stm32f4xx_pwr.o(i.PWR_FlashPowerDownCmd), (12 bytes).
    Removing stm32f4xx_pwr.o(i.PWR_GetFlagStatus), (20 bytes).
    Removing stm32f4xx_pwr.o(i.PWR_MainRegulatorModeConfig), (28 bytes).
    Removing stm32f4xx_pwr.o(i.PWR_PVDCmd), (12 bytes).
    Removing stm32f4xx_pwr.o(i.PWR_PVDLevelConfig), (20 bytes).
    Removing stm32f4xx_pwr.o(i.PWR_WakeUpPinCmd), (12 bytes).
    Removing misc.o(.rev16_text), (4 bytes).
    Removing misc.o(.revsh_text), (4 bytes).
    Removing misc.o(.rrx_text), (6 bytes).
    Removing misc.o(i.NVIC_Init), (100 bytes).
    Removing misc.o(i.NVIC_PriorityGroupConfig), (20 bytes).
    Removing misc.o(i.NVIC_SetVectorTable), (20 bytes).
    Removing misc.o(i.NVIC_SystemLPConfig), (24 bytes).
    Removing misc.o(i.SysTick_CLKSourceConfig), (24 bytes).
    Removing stm32f4xx_adc.o(.rev16_text), (4 bytes).
    Removing stm32f4xx_adc.o(.revsh_text), (4 bytes).
    Removing stm32f4xx_adc.o(.rrx_text), (6 bytes).
    Removing stm32f4xx_adc.o(i.ADC_AnalogWatchdogCmd), (16 bytes).
    Removing stm32f4xx_adc.o(i.ADC_AnalogWatchdogSingleChannelConfig), (12 bytes).
    Removing stm32f4xx_adc.o(i.ADC_AnalogWatchdogThresholdsConfig), (6 bytes).
    Removing stm32f4xx_adc.o(i.ADC_AutoInjectedConvCmd), (20 bytes).
    Removing stm32f4xx_adc.o(i.ADC_ClearFlag), (6 bytes).
    Removing stm32f4xx_adc.o(i.ADC_ClearITPendingBit), (8 bytes).
    Removing stm32f4xx_adc.o(i.ADC_CommonStructInit), (12 bytes).
    Removing stm32f4xx_adc.o(i.ADC_ContinuousModeCmd), (20 bytes).
    Removing stm32f4xx_adc.o(i.ADC_DeInit), (24 bytes).
    Removing stm32f4xx_adc.o(i.ADC_DiscModeChannelCountConfig), (16 bytes).
    Removing stm32f4xx_adc.o(i.ADC_DiscModeCmd), (20 bytes).
    Removing stm32f4xx_adc.o(i.ADC_EOCOnEachRegularChannelCmd), (20 bytes).
    Removing stm32f4xx_adc.o(i.ADC_ExternalTrigInjectedConvConfig), (12 bytes).
    Removing stm32f4xx_adc.o(i.ADC_ExternalTrigInjectedConvEdgeConfig), (12 bytes).
    Removing stm32f4xx_adc.o(i.ADC_GetConversionValue), (6 bytes).
    Removing stm32f4xx_adc.o(i.ADC_GetFlagStatus), (14 bytes).
    Removing stm32f4xx_adc.o(i.ADC_GetITStatus), (30 bytes).
    Removing stm32f4xx_adc.o(i.ADC_GetInjectedConversionValue), (14 bytes).
    Removing stm32f4xx_adc.o(i.ADC_GetMultiModeConversionValue), (12 bytes).
    Removing stm32f4xx_adc.o(i.ADC_GetSoftwareStartConvStatus), (14 bytes).
    Removing stm32f4xx_adc.o(i.ADC_GetSoftwareStartInjectedConvCmdStatus), (14 bytes).
    Removing stm32f4xx_adc.o(i.ADC_ITConfig), (18 bytes).
    Removing stm32f4xx_adc.o(i.ADC_InjectedChannelConfig), (74 bytes).
    Removing stm32f4xx_adc.o(i.ADC_InjectedDiscModeCmd), (20 bytes).
    Removing stm32f4xx_adc.o(i.ADC_InjectedSequencerLengthConfig), (16 bytes).
    Removing stm32f4xx_adc.o(i.ADC_MultiModeDMARequestAfterLastTransferCmd), (32 bytes).
    Removing stm32f4xx_adc.o(i.ADC_SetInjectedOffset), (10 bytes).
    Removing stm32f4xx_adc.o(i.ADC_SoftwareStartInjectedConv), (10 bytes).
    Removing stm32f4xx_adc.o(i.ADC_StructInit), (20 bytes).
    Removing stm32f4xx_adc.o(i.ADC_TempSensorVrefintCmd), (32 bytes).
    Removing stm32f4xx_adc.o(i.ADC_VBATCmd), (32 bytes).
    Removing stm32f4xx_tim.o(.rev16_text), (4 bytes).
    Removing stm32f4xx_tim.o(.revsh_text), (4 bytes).
    Removing stm32f4xx_tim.o(.rrx_text), (6 bytes).
    Removing stm32f4xx_tim.o(i.TI1_Config), (46 bytes).
    Removing stm32f4xx_tim.o(i.TI2_Config), (54 bytes).
    Removing stm32f4xx_tim.o(i.TIM_BDTRConfig), (34 bytes).
    Removing stm32f4xx_tim.o(i.TIM_BDTRStructInit), (18 bytes).
    Removing stm32f4xx_tim.o(i.TIM_CCPreloadControl), (20 bytes).
    Removing stm32f4xx_tim.o(i.TIM_CCxCmd), (22 bytes).
    Removing stm32f4xx_tim.o(i.TIM_CCxNCmd), (22 bytes).
    Removing stm32f4xx_tim.o(i.TIM_ClearFlag), (6 bytes).
    Removing stm32f4xx_tim.o(i.TIM_ClearITPendingBit), (6 bytes).
    Removing stm32f4xx_tim.o(i.TIM_ClearOC1Ref), (12 bytes).
    Removing stm32f4xx_tim.o(i.TIM_ClearOC2Ref), (20 bytes).
    Removing stm32f4xx_tim.o(i.TIM_ClearOC3Ref), (12 bytes).
    Removing stm32f4xx_tim.o(i.TIM_ClearOC4Ref), (20 bytes).
    Removing stm32f4xx_tim.o(i.TIM_CounterModeConfig), (12 bytes).
    Removing stm32f4xx_tim.o(i.TIM_DMACmd), (16 bytes).
    Removing stm32f4xx_tim.o(i.TIM_DMAConfig), (8 bytes).
    Removing stm32f4xx_tim.o(i.TIM_DeInit), (336 bytes).
    Removing stm32f4xx_tim.o(i.TIM_ETRClockMode1Config), (18 bytes).
    Removing stm32f4xx_tim.o(i.TIM_ETRClockMode2Config), (18 bytes).
    Removing stm32f4xx_tim.o(i.TIM_ETRConfig), (24 bytes).
    Removing stm32f4xx_tim.o(i.TIM_EncoderInterfaceConfig), (50 bytes).
    Removing stm32f4xx_tim.o(i.TIM_ForcedOC1Config), (12 bytes).
    Removing stm32f4xx_tim.o(i.TIM_ForcedOC2Config), (20 bytes).
    Removing stm32f4xx_tim.o(i.TIM_ForcedOC3Config), (12 bytes).
    Removing stm32f4xx_tim.o(i.TIM_ForcedOC4Config), (20 bytes).
    Removing stm32f4xx_tim.o(i.TIM_GenerateEvent), (4 bytes).
    Removing stm32f4xx_tim.o(i.TIM_GetCapture1), (4 bytes).
    Removing stm32f4xx_tim.o(i.TIM_GetCapture2), (4 bytes).
    Removing stm32f4xx_tim.o(i.TIM_GetCapture3), (4 bytes).
    Removing stm32f4xx_tim.o(i.TIM_GetCapture4), (4 bytes).
    Removing stm32f4xx_tim.o(i.TIM_GetCounter), (4 bytes).
    Removing stm32f4xx_tim.o(i.TIM_GetFlagStatus), (14 bytes).
    Removing stm32f4xx_tim.o(i.TIM_GetITStatus), (24 bytes).
    Removing stm32f4xx_tim.o(i.TIM_GetPrescaler), (4 bytes).
    Removing stm32f4xx_tim.o(i.TIM_ICInit), (172 bytes).
    Removing stm32f4xx_tim.o(i.TIM_ICStructInit), (16 bytes).
    Removing stm32f4xx_tim.o(i.TIM_ITConfig), (16 bytes).
    Removing stm32f4xx_tim.o(i.TIM_ITRxExternalClockConfig), (18 bytes).
    Removing stm32f4xx_tim.o(i.TIM_InternalClockConfig), (10 bytes).
    Removing stm32f4xx_tim.o(i.TIM_OC1FastConfig), (12 bytes).
    Removing stm32f4xx_tim.o(i.TIM_OC1NPolarityConfig), (12 bytes).
    Removing stm32f4xx_tim.o(i.TIM_OC1PolarityConfig), (12 bytes).
    Removing stm32f4xx_tim.o(i.TIM_OC2FastConfig), (20 bytes).
    Removing stm32f4xx_tim.o(i.TIM_OC2NPolarityConfig), (20 bytes).
    Removing stm32f4xx_tim.o(i.TIM_OC2PolarityConfig), (20 bytes).
    Removing stm32f4xx_tim.o(i.TIM_OC3FastConfig), (12 bytes).
    Removing stm32f4xx_tim.o(i.TIM_OC3NPolarityConfig), (20 bytes).
    Removing stm32f4xx_tim.o(i.TIM_OC3PolarityConfig), (20 bytes).
    Removing stm32f4xx_tim.o(i.TIM_OC4FastConfig), (20 bytes).
    Removing stm32f4xx_tim.o(i.TIM_OC4Init), (96 bytes).
    Removing stm32f4xx_tim.o(i.TIM_OC4PolarityConfig), (20 bytes).
    Removing stm32f4xx_tim.o(i.TIM_OC4PreloadConfig), (20 bytes).
    Removing stm32f4xx_tim.o(i.TIM_OCStructInit), (20 bytes).
    Removing stm32f4xx_tim.o(i.TIM_PWMIConfig), (108 bytes).
    Removing stm32f4xx_tim.o(i.TIM_PrescalerConfig), (6 bytes).
    Removing stm32f4xx_tim.o(i.TIM_RemapConfig), (6 bytes).
    Removing stm32f4xx_tim.o(i.TIM_SelectCCDMA), (20 bytes).
    Removing stm32f4xx_tim.o(i.TIM_SelectCOM), (20 bytes).
    Removing stm32f4xx_tim.o(i.TIM_SelectHallSensor), (20 bytes).
    Removing stm32f4xx_tim.o(i.TIM_SelectInputTrigger), (12 bytes).
    Removing stm32f4xx_tim.o(i.TIM_SelectMasterSlaveMode), (16 bytes).
    Removing stm32f4xx_tim.o(i.TIM_SelectOCxM), (74 bytes).
    Removing stm32f4xx_tim.o(i.TIM_SelectOnePulseMode), (16 bytes).
    Removing stm32f4xx_tim.o(i.TIM_SelectOutputTrigger), (16 bytes).
    Removing stm32f4xx_tim.o(i.TIM_SelectSlaveMode), (16 bytes).
    Removing stm32f4xx_tim.o(i.TIM_SetAutoreload), (4 bytes).
    Removing stm32f4xx_tim.o(i.TIM_SetClockDivision), (16 bytes).
    Removing stm32f4xx_tim.o(i.TIM_SetCompare1), (4 bytes).
    Removing stm32f4xx_tim.o(i.TIM_SetCompare2), (4 bytes).
    Removing stm32f4xx_tim.o(i.TIM_SetCompare3), (4 bytes).
    Removing stm32f4xx_tim.o(i.TIM_SetCompare4), (4 bytes).
    Removing stm32f4xx_tim.o(i.TIM_SetCounter), (4 bytes).
    Removing stm32f4xx_tim.o(i.TIM_SetIC1Prescaler), (16 bytes).
    Removing stm32f4xx_tim.o(i.TIM_SetIC2Prescaler), (24 bytes).
    Removing stm32f4xx_tim.o(i.TIM_SetIC3Prescaler), (16 bytes).
    Removing stm32f4xx_tim.o(i.TIM_SetIC4Prescaler), (24 bytes).
    Removing stm32f4xx_tim.o(i.TIM_TIxExternalClockConfig), (46 bytes).
    Removing stm32f4xx_tim.o(i.TIM_TimeBaseStructInit), (18 bytes).
    Removing stm32f4xx_tim.o(i.TIM_UpdateDisableConfig), (20 bytes).
    Removing stm32f4xx_tim.o(i.TIM_UpdateRequestConfig), (20 bytes).
    Removing stm32f4xx_dma.o(.rev16_text), (4 bytes).
    Removing stm32f4xx_dma.o(.revsh_text), (4 bytes).
    Removing stm32f4xx_dma.o(.rrx_text), (6 bytes).
    Removing stm32f4xx_dma.o(i.DMA_ClearFlag), (44 bytes).
    Removing stm32f4xx_dma.o(i.DMA_ClearITPendingBit), (44 bytes).
    Removing stm32f4xx_dma.o(i.DMA_DeInit), (292 bytes).
    Removing stm32f4xx_dma.o(i.DMA_DoubleBufferModeCmd), (20 bytes).
    Removing stm32f4xx_dma.o(i.DMA_DoubleBufferModeConfig), (22 bytes).
    Removing stm32f4xx_dma.o(i.DMA_FlowControllerConfig), (20 bytes).
    Removing stm32f4xx_dma.o(i.DMA_GetCmdStatus), (14 bytes).
    Removing stm32f4xx_dma.o(i.DMA_GetCurrDataCounter), (6 bytes).
    Removing stm32f4xx_dma.o(i.DMA_GetCurrentMemoryTarget), (14 bytes).
    Removing stm32f4xx_dma.o(i.DMA_GetFIFOStatus), (8 bytes).
    Removing stm32f4xx_dma.o(i.DMA_GetFlagStatus), (52 bytes).
    Removing stm32f4xx_dma.o(i.DMA_GetITStatus), (84 bytes).
    Removing stm32f4xx_dma.o(i.DMA_ITConfig), (44 bytes).
    Removing stm32f4xx_dma.o(i.DMA_MemoryTargetConfig), (10 bytes).
    Removing stm32f4xx_dma.o(i.DMA_PeriphIncOffsetSizeConfig), (20 bytes).
    Removing stm32f4xx_dma.o(i.DMA_SetCurrDataCounter), (4 bytes).
    Removing stm32f4xx_dma.o(i.DMA_StructInit), (34 bytes).
    Removing startup_stm32f407xx.o(HEAP), (512 bytes).
    Removing system_stm32f4xx.o(.rev16_text), (4 bytes).
    Removing system_stm32f4xx.o(.revsh_text), (4 bytes).
    Removing system_stm32f4xx.o(.rrx_text), (6 bytes).
    Removing system_stm32f4xx.o(i.SystemCoreClockUpdate), (120 bytes).
    Removing dadd.o(.text), (334 bytes).
    Removing ddiv.o(.text), (222 bytes).
    Removing dfixul.o(.text), (48 bytes).
    Removing cdrcmple.o(.text), (48 bytes).

297 unused section(s) (total 9960 bytes) removed from the image.

==============================================================================

Image Symbol Table

    Local Symbols

    Symbol Name                              Value     Ov Type        Size  Object(Section)

    ../clib/../cmprslib/zerorunl2.c          0x00000000   Number         0  __dczerorl2.o ABSOLUTE
    ../clib/microlib/division.c              0x00000000   Number         0  uidiv.o ABSOLUTE
    ../clib/microlib/division.c              0x00000000   Number         0  uldiv.o ABSOLUTE
    ../clib/microlib/init/entry.s            0x00000000   Number         0  entry8b.o ABSOLUTE
    ../clib/microlib/init/entry.s            0x00000000   Number         0  entry8a.o ABSOLUTE
    ../clib/microlib/init/entry.s            0x00000000   Number         0  entry7b.o ABSOLUTE
    ../clib/microlib/init/entry.s            0x00000000   Number         0  entry7a.o ABSOLUTE
    ../clib/microlib/init/entry.s            0x00000000   Number         0  entry5.o ABSOLUTE
    ../clib/microlib/init/entry.s            0x00000000   Number         0  entry9a.o ABSOLUTE
    ../clib/microlib/init/entry.s            0x00000000   Number         0  entry2.o ABSOLUTE
    ../clib/microlib/init/entry.s            0x00000000   Number         0  entry.o ABSOLUTE
    ../clib/microlib/init/entry.s            0x00000000   Number         0  entry11b.o ABSOLUTE
    ../clib/microlib/init/entry.s            0x00000000   Number         0  entry11a.o ABSOLUTE
    ../clib/microlib/init/entry.s            0x00000000   Number         0  entry10b.o ABSOLUTE
    ../clib/microlib/init/entry.s            0x00000000   Number         0  entry10a.o ABSOLUTE
    ../clib/microlib/init/entry.s            0x00000000   Number         0  entry9b.o ABSOLUTE
    ../clib/microlib/longlong.c              0x00000000   Number         0  llsshr.o ABSOLUTE
    ../clib/microlib/longlong.c              0x00000000   Number         0  llushr.o ABSOLUTE
    ../clib/microlib/longlong.c              0x00000000   Number         0  llshl.o ABSOLUTE
    ../clib/microlib/printf/printf.c         0x00000000   Number         0  printf4.o ABSOLUTE
    ../clib/microlib/printf/printf.c         0x00000000   Number         0  printf2.o ABSOLUTE
    ../clib/microlib/printf/printf.c         0x00000000   Number         0  printfb.o ABSOLUTE
    ../clib/microlib/printf/printf.c         0x00000000   Number         0  printf0.o ABSOLUTE
    ../clib/microlib/printf/printf.c         0x00000000   Number         0  printf1.o ABSOLUTE
    ../clib/microlib/printf/printf.c         0x00000000   Number         0  printf3.o ABSOLUTE
    ../clib/microlib/printf/printf.c         0x00000000   Number         0  printf7.o ABSOLUTE
    ../clib/microlib/printf/printf.c         0x00000000   Number         0  printfa.o ABSOLUTE
    ../clib/microlib/printf/printf.c         0x00000000   Number         0  printf8.o ABSOLUTE
    ../clib/microlib/printf/printf.c         0x00000000   Number         0  printf6.o ABSOLUTE
    ../clib/microlib/printf/printf.c         0x00000000   Number         0  printf5.o ABSOLUTE
    ../clib/microlib/printf/stubs.s          0x00000000   Number         0  stubs.o ABSOLUTE
    ../clib/microlib/stdio/streams.c         0x00000000   Number         0  stdout.o ABSOLUTE
    ../clib/microlib/stubs.s                 0x00000000   Number         0  iusefp.o ABSOLUTE
    ../fplib/microlib/fpadd.c                0x00000000   Number         0  dadd.o ABSOLUTE
    ../fplib/microlib/fpdiv.c                0x00000000   Number         0  ddiv.o ABSOLUTE
    ../fplib/microlib/fpepilogue.c           0x00000000   Number         0  depilogue.o ABSOLUTE
    ../fplib/microlib/fpfix.c                0x00000000   Number         0  dfixul.o ABSOLUTE
    ../fplib/microlib/fpfix.c                0x00000000   Number         0  dfixui.o ABSOLUTE
    ../fplib/microlib/fpflt.c                0x00000000   Number         0  dfltui.o ABSOLUTE
    ../fplib/microlib/fpmul.c                0x00000000   Number         0  dmul.o ABSOLUTE
    ..\..\Libraries\STM32F4xx_StdPeriph_Driver\src\misc.c 0x00000000   Number         0  misc.o ABSOLUTE
    ..\..\Libraries\STM32F4xx_StdPeriph_Driver\src\stm32f4xx_adc.c 0x00000000   Number         0  stm32f4xx_adc.o ABSOLUTE
    ..\..\Libraries\STM32F4xx_StdPeriph_Driver\src\stm32f4xx_dma.c 0x00000000   Number         0  stm32f4xx_dma.o ABSOLUTE
    ..\..\Libraries\STM32F4xx_StdPeriph_Driver\src\stm32f4xx_exti.c 0x00000000   Number         0  stm32f4xx_exti.o ABSOLUTE
    ..\..\Libraries\STM32F4xx_StdPeriph_Driver\src\stm32f4xx_gpio.c 0x00000000   Number         0  stm32f4xx_gpio.o ABSOLUTE
    ..\..\Libraries\STM32F4xx_StdPeriph_Driver\src\stm32f4xx_pwr.c 0x00000000   Number         0  stm32f4xx_pwr.o ABSOLUTE
    ..\..\Libraries\STM32F4xx_StdPeriph_Driver\src\stm32f4xx_rcc.c 0x00000000   Number         0  stm32f4xx_rcc.o ABSOLUTE
    ..\..\Libraries\STM32F4xx_StdPeriph_Driver\src\stm32f4xx_rtc.c 0x00000000   Number         0  stm32f4xx_rtc.o ABSOLUTE
    ..\..\Libraries\STM32F4xx_StdPeriph_Driver\src\stm32f4xx_tim.c 0x00000000   Number         0  stm32f4xx_tim.o ABSOLUTE
    ..\\..\\Libraries\\STM32F4xx_StdPeriph_Driver\\src\\misc.c 0x00000000   Number         0  misc.o ABSOLUTE
    ..\\..\\Libraries\\STM32F4xx_StdPeriph_Driver\\src\\stm32f4xx_adc.c 0x00000000   Number         0  stm32f4xx_adc.o ABSOLUTE
    ..\\..\\Libraries\\STM32F4xx_StdPeriph_Driver\\src\\stm32f4xx_dma.c 0x00000000   Number         0  stm32f4xx_dma.o ABSOLUTE
    ..\\..\\Libraries\\STM32F4xx_StdPeriph_Driver\\src\\stm32f4xx_exti.c 0x00000000   Number         0  stm32f4xx_exti.o ABSOLUTE
    ..\\..\\Libraries\\STM32F4xx_StdPeriph_Driver\\src\\stm32f4xx_gpio.c 0x00000000   Number         0  stm32f4xx_gpio.o ABSOLUTE
    ..\\..\\Libraries\\STM32F4xx_StdPeriph_Driver\\src\\stm32f4xx_pwr.c 0x00000000   Number         0  stm32f4xx_pwr.o ABSOLUTE
    ..\\..\\Libraries\\STM32F4xx_StdPeriph_Driver\\src\\stm32f4xx_rcc.c 0x00000000   Number         0  stm32f4xx_rcc.o ABSOLUTE
    ..\\..\\Libraries\\STM32F4xx_StdPeriph_Driver\\src\\stm32f4xx_rtc.c 0x00000000   Number         0  stm32f4xx_rtc.o ABSOLUTE
    ..\\..\\Libraries\\STM32F4xx_StdPeriph_Driver\\src\\stm32f4xx_tim.c 0x00000000   Number         0  stm32f4xx_tim.o ABSOLUTE
    ..\\lcd.c                                0x00000000   Number         0  lcd.o ABSOLUTE
    ..\\main.c                               0x00000000   Number         0  main.o ABSOLUTE
    ..\\reprintf.c                           0x00000000   Number         0  reprintf.o ABSOLUTE
    ..\\tm_stm32f4_rtc.c                     0x00000000   Number         0  tm_stm32f4_rtc.o ABSOLUTE
    ..\lcd.c                                 0x00000000   Number         0  lcd.o ABSOLUTE
    ..\main.c                                0x00000000   Number         0  main.o ABSOLUTE
    ..\reprintf.c                            0x00000000   Number         0  reprintf.o ABSOLUTE
    ..\tm_stm32f4_rtc.c                      0x00000000   Number         0  tm_stm32f4_rtc.o ABSOLUTE
    RTE\Device\STM32F407VG\startup_stm32f407xx.s 0x00000000   Number         0  startup_stm32f407xx.o ABSOLUTE
    RTE\Device\STM32F407VG\system_stm32f4xx.c 0x00000000   Number         0  system_stm32f4xx.o ABSOLUTE
    RTE\\Device\\STM32F407VG\\system_stm32f4xx.c 0x00000000   Number         0  system_stm32f4xx.o ABSOLUTE
    cdrcmple.s                               0x00000000   Number         0  cdrcmple.o ABSOLUTE
    dc.s                                     0x00000000   Number         0  dc.o ABSOLUTE
    handlers.s                               0x00000000   Number         0  handlers.o ABSOLUTE
    init.s                                   0x00000000   Number         0  init.o ABSOLUTE
    RESET                                    0x08000000   Section      392  startup_stm32f407xx.o(RESET)
    .ARM.Collect$$$$00000000                 0x08000188   Section        0  entry.o(.ARM.Collect$$$$00000000)
    .ARM.Collect$$$$00000001                 0x08000188   Section        4  entry2.o(.ARM.Collect$$$$00000001)
    .ARM.Collect$$$$00000004                 0x0800018c   Section        4  entry5.o(.ARM.Collect$$$$00000004)
    .ARM.Collect$$$$00000008                 0x08000190   Section        0  entry7b.o(.ARM.Collect$$$$00000008)
    .ARM.Collect$$$$0000000A                 0x08000190   Section        0  entry8b.o(.ARM.Collect$$$$0000000A)
    .ARM.Collect$$$$0000000B                 0x08000190   Section        8  entry9a.o(.ARM.Collect$$$$0000000B)
    .ARM.Collect$$$$0000000D                 0x08000198   Section        0  entry10a.o(.ARM.Collect$$$$0000000D)
    .ARM.Collect$$$$0000000F                 0x08000198   Section        0  entry11a.o(.ARM.Collect$$$$0000000F)
    .ARM.Collect$$$$00002712                 0x08000198   Section        4  entry2.o(.ARM.Collect$$$$00002712)
    __lit__00000000                          0x08000198   Data           4  entry2.o(.ARM.Collect$$$$00002712)
    .text                                    0x0800019c   Section       36  startup_stm32f407xx.o(.text)
    $v0                                      0x0800019c   Number         0  startup_stm32f407xx.o(.text)
    .text                                    0x080001c0   Section        0  dmul.o(.text)
    .text                                    0x080002a4   Section        0  dfltui.o(.text)
    .text                                    0x080002be   Section        0  dfixui.o(.text)
    .text                                    0x080002f0   Section        0  uidiv.o(.text)
    .text                                    0x0800031c   Section        0  llushr.o(.text)
    .text                                    0x0800033c   Section        0  iusefp.o(.text)
    .text                                    0x0800033c   Section        0  depilogue.o(.text)
    .text                                    0x080003f8   Section       36  init.o(.text)
    .text                                    0x0800041c   Section        0  llshl.o(.text)
    .text                                    0x0800043a   Section        0  __dczerorl2.o(.text)
    i.ADC_Cmd                                0x08000490   Section        0  stm32f4xx_adc.o(i.ADC_Cmd)
    i.ADC_CommonInit                         0x080004a4   Section        0  stm32f4xx_adc.o(i.ADC_CommonInit)
    i.ADC_Config                             0x080004d0   Section        0  main.o(i.ADC_Config)
    i.ADC_DMACmd                             0x080005b8   Section        0  stm32f4xx_adc.o(i.ADC_DMACmd)
    i.ADC_DMARequestAfterLastTransferCmd     0x080005cc   Section        0  stm32f4xx_adc.o(i.ADC_DMARequestAfterLastTransferCmd)
    i.ADC_Init                               0x080005e0   Section        0  stm32f4xx_adc.o(i.ADC_Init)
    i.ADC_RegularChannelConfig               0x0800062c   Section        0  stm32f4xx_adc.o(i.ADC_RegularChannelConfig)
    i.ADC_SoftwareStartConv                  0x080006a0   Section        0  stm32f4xx_adc.o(i.ADC_SoftwareStartConv)
    i.Bat_Tat                                0x080006ac   Section        0  main.o(i.Bat_Tat)
    i.DMA_Cmd                                0x08000744   Section        0  stm32f4xx_dma.o(i.DMA_Cmd)
    i.DMA_Init                               0x08000758   Section        0  stm32f4xx_dma.o(i.DMA_Init)
    i.EXTI_ClearITPendingBit                 0x080007ac   Section        0  stm32f4xx_exti.o(i.EXTI_ClearITPendingBit)
    i.GPIO_Config                            0x080007b8   Section        0  main.o(i.GPIO_Config)
    i.GPIO_Init                              0x08000828   Section        0  stm32f4xx_gpio.o(i.GPIO_Init)
    i.GPIO_PinAFConfig                       0x080008ca   Section        0  stm32f4xx_gpio.o(i.GPIO_PinAFConfig)
    i.GPIO_ReadInputDataBit                  0x080008ea   Section        0  stm32f4xx_gpio.o(i.GPIO_ReadInputDataBit)
    i.GPIO_ResetBits                         0x080008f8   Section        0  stm32f4xx_gpio.o(i.GPIO_ResetBits)
    i.GPIO_SetBits                           0x080008fc   Section        0  stm32f4xx_gpio.o(i.GPIO_SetBits)
    i.PWR_BackupAccessCmd                    0x08000900   Section        0  stm32f4xx_pwr.o(i.PWR_BackupAccessCmd)
    i.RCC_AHB1PeriphClockCmd                 0x0800090c   Section        0  stm32f4xx_rcc.o(i.RCC_AHB1PeriphClockCmd)
    i.RCC_APB1PeriphClockCmd                 0x08000924   Section        0  stm32f4xx_rcc.o(i.RCC_APB1PeriphClockCmd)
    i.RCC_APB2PeriphClockCmd                 0x0800093c   Section        0  stm32f4xx_rcc.o(i.RCC_APB2PeriphClockCmd)
    i.RCC_GetFlagStatus                      0x08000954   Section        0  stm32f4xx_rcc.o(i.RCC_GetFlagStatus)
    i.RCC_LSEConfig                          0x08000988   Section        0  stm32f4xx_rcc.o(i.RCC_LSEConfig)
    i.RCC_LSICmd                             0x080009a4   Section        0  stm32f4xx_rcc.o(i.RCC_LSICmd)
    i.RCC_RTCCLKCmd                          0x080009b0   Section        0  stm32f4xx_rcc.o(i.RCC_RTCCLKCmd)
    i.RCC_RTCCLKConfig                       0x080009bc   Section        0  stm32f4xx_rcc.o(i.RCC_RTCCLKConfig)
    i.RTC_Alarm_IRQHandler                   0x080009ec   Section        0  tm_stm32f4_rtc.o(i.RTC_Alarm_IRQHandler)
    i.RTC_Bcd2ToByte                         0x08000a26   Section        0  stm32f4xx_rtc.o(i.RTC_Bcd2ToByte)
    RTC_Bcd2ToByte                           0x08000a27   Thumb Code    18  stm32f4xx_rtc.o(i.RTC_Bcd2ToByte)
    i.RTC_ByteToBcd2                         0x08000a38   Section        0  stm32f4xx_rtc.o(i.RTC_ByteToBcd2)
    RTC_ByteToBcd2                           0x08000a39   Thumb Code    24  stm32f4xx_rtc.o(i.RTC_ByteToBcd2)
    i.RTC_ClearITPendingBit                  0x08000a50   Section        0  stm32f4xx_rtc.o(i.RTC_ClearITPendingBit)
    i.RTC_EnterInitMode                      0x08000a6c   Section        0  stm32f4xx_rtc.o(i.RTC_EnterInitMode)
    i.RTC_ExitInitMode                       0x08000aa8   Section        0  stm32f4xx_rtc.o(i.RTC_ExitInitMode)
    i.RTC_GetDate                            0x08000ab8   Section        0  stm32f4xx_rtc.o(i.RTC_GetDate)
    i.RTC_GetITStatus                        0x08000b00   Section        0  stm32f4xx_rtc.o(i.RTC_GetITStatus)
    i.RTC_GetSubSecond                       0x08000b38   Section        0  stm32f4xx_rtc.o(i.RTC_GetSubSecond)
    i.RTC_GetTime                            0x08000b48   Section        0  stm32f4xx_rtc.o(i.RTC_GetTime)
    i.RTC_Init                               0x08000b94   Section        0  stm32f4xx_rtc.o(i.RTC_Init)
    i.RTC_ReadBackupRegister                 0x08000be4   Section        0  stm32f4xx_rtc.o(i.RTC_ReadBackupRegister)
    i.RTC_SetDate                            0x08000bf8   Section        0  stm32f4xx_rtc.o(i.RTC_SetDate)
    i.RTC_SetTime                            0x08000c94   Section        0  stm32f4xx_rtc.o(i.RTC_SetTime)
    i.RTC_WKUP_IRQHandler                    0x08000d34   Section        0  tm_stm32f4_rtc.o(i.RTC_WKUP_IRQHandler)
    i.RTC_WaitForSynchro                     0x08000d58   Section        0  stm32f4xx_rtc.o(i.RTC_WaitForSynchro)
    i.RTC_WriteBackupRegister                0x08000da4   Section        0  stm32f4xx_rtc.o(i.RTC_WriteBackupRegister)
    i.SystemInit                             0x08000db8   Section        0  system_stm32f4xx.o(i.SystemInit)
    i.TIM_ARRPreloadConfig                   0x08000e0c   Section        0  stm32f4xx_tim.o(i.TIM_ARRPreloadConfig)
    i.TIM_Cmd                                0x08000e20   Section        0  stm32f4xx_tim.o(i.TIM_Cmd)
    i.TIM_CtrlPWMOutputs                     0x08000e34   Section        0  stm32f4xx_tim.o(i.TIM_CtrlPWMOutputs)
    i.TIM_OC1Init                            0x08000e4c   Section        0  stm32f4xx_tim.o(i.TIM_OC1Init)
    i.TIM_OC1PreloadConfig                   0x08000eac   Section        0  stm32f4xx_tim.o(i.TIM_OC1PreloadConfig)
    i.TIM_OC2Init                            0x08000eb8   Section        0  stm32f4xx_tim.o(i.TIM_OC2Init)
    i.TIM_OC2PreloadConfig                   0x08000f38   Section        0  stm32f4xx_tim.o(i.TIM_OC2PreloadConfig)
    i.TIM_OC3Init                            0x08000f4c   Section        0  stm32f4xx_tim.o(i.TIM_OC3Init)
    i.TIM_OC3PreloadConfig                   0x08000fc8   Section        0  stm32f4xx_tim.o(i.TIM_OC3PreloadConfig)
    i.TIM_PWM_Configuration                  0x08000fd4   Section        0  main.o(i.TIM_PWM_Configuration)
    i.TIM_TimeBaseInit                       0x080010cc   Section        0  stm32f4xx_tim.o(i.TIM_TimeBaseInit)
    i.TM_RTC_Config                          0x08001148   Section        0  tm_stm32f4_rtc.o(i.TM_RTC_Config)
    i.TM_RTC_GetDateTime                     0x08001198   Section        0  tm_stm32f4_rtc.o(i.TM_RTC_GetDateTime)
    i.TM_RTC_GetUnixTimeStamp                0x080011f4   Section        0  tm_stm32f4_rtc.o(i.TM_RTC_GetUnixTimeStamp)
    i.TM_RTC_Init                            0x080012bc   Section        0  tm_stm32f4_rtc.o(i.TM_RTC_Init)
    i.TM_RTC_SetDateTime                     0x08001360   Section        0  tm_stm32f4_rtc.o(i.TM_RTC_SetDateTime)
    i.__0printf$1                            0x08001554   Section        0  printf1.o(i.__0printf$1)
    i.__scatterload_copy                     0x08001574   Section       14  handlers.o(i.__scatterload_copy)
    i.__scatterload_null                     0x08001582   Section        2  handlers.o(i.__scatterload_null)
    i.__scatterload_zeroinit                 0x08001584   Section       14  handlers.o(i.__scatterload_zeroinit)
    i._printf_core                           0x08001594   Section        0  printf1.o(i._printf_core)
    _printf_core                             0x08001595   Thumb Code   336  printf1.o(i._printf_core)
    i.cai_dat                                0x080016e8   Section        0  main.o(i.cai_dat)
    i.delay                                  0x08002ae4   Section        0  lcd.o(i.delay)
    delay                                    0x08002ae5   Thumb Code    20  lcd.o(i.delay)
    i.fputc                                  0x08002af8   Section        0  reprintf.o(i.fputc)
    i.hien_thi                               0x08002b08   Section        0  main.o(i.hien_thi)
    i.lcd_Clear                              0x08002d74   Section        0  lcd.o(i.lcd_Clear)
    i.lcd_Control_Write                      0x08002d88   Section        0  lcd.o(i.lcd_Control_Write)
    i.lcd_Data_Write                         0x08002d9c   Section        0  lcd.o(i.lcd_Data_Write)
    i.lcd_Goto                               0x08002dbc   Section        0  lcd.o(i.lcd_Goto)
    i.lcd_Init                               0x08002df2   Section        0  lcd.o(i.lcd_Init)
    i.lcd_Init_HW                            0x08002e54   Section        0  lcd.o(i.lcd_Init_HW)
    i.lcd_data_line_write                    0x08002ec8   Section        0  lcd.o(i.lcd_data_line_write)
    i.main                                   0x08002fa0   Section        0  main.o(i.main)
    i.tinh_ngay_am                           0x08003098   Section        0  main.o(i.tinh_ngay_am)
    i.xu_ly                                  0x08003108   Section        0  main.o(i.xu_ly)
    .data                                    0x20000000   Section      570  main.o(.data)
    .data                                    0x2000023c   Section       48  tm_stm32f4_rtc.o(.data)
    .data                                    0x2000026c   Section       20  system_stm32f4xx.o(.data)
    .data                                    0x20000280   Section        4  stdout.o(.data)
    .bss                                     0x20000284   Section       16  main.o(.bss)
    .bss                                     0x20000294   Section       12  tm_stm32f4_rtc.o(.bss)
    STACK                                    0x200002a0   Section     1024  startup_stm32f407xx.o(STACK)

    Global Symbols

    Symbol Name                              Value     Ov Type        Size  Object(Section)

    BuildAttributes$$THM_ISAv4$E$P$D$K$B$S$7EM$VFPi3$EXTD16$VFPS$VFMA$PE$A:L22UL41UL21$X:L11$S22US41US21$IEEE1$IW$USESV6$~STKCKD$USESV7$~SHL$OSPACE$ROPI$EBA8$MICROLIB$REQ8$PRES8$EABIv2 0x00000000   Number         0  anon$$obj.o ABSOLUTE
    __ARM_use_no_argv                        0x00000000   Number         0  main.o ABSOLUTE
    _printf_a                                0x00000000   Number         0  stubs.o ABSOLUTE
    _printf_c                                0x00000000   Number         0  stubs.o ABSOLUTE
    _printf_charcount                        0x00000000   Number         0  stubs.o ABSOLUTE
    _printf_d                                0x00000000   Number         0  stubs.o ABSOLUTE
    _printf_e                                0x00000000   Number         0  stubs.o ABSOLUTE
    _printf_f                                0x00000000   Number         0  stubs.o ABSOLUTE
    _printf_flags                            0x00000000   Number         0  stubs.o ABSOLUTE
    _printf_fp_dec                           0x00000000   Number         0  stubs.o ABSOLUTE
    _printf_fp_hex                           0x00000000   Number         0  stubs.o ABSOLUTE
    _printf_g                                0x00000000   Number         0  stubs.o ABSOLUTE
    _printf_i                                0x00000000   Number         0  stubs.o ABSOLUTE
    _printf_int_dec                          0x00000000   Number         0  stubs.o ABSOLUTE
    _printf_l                                0x00000000   Number         0  stubs.o ABSOLUTE
    _printf_lc                               0x00000000   Number         0  stubs.o ABSOLUTE
    _printf_ll                               0x00000000   Number         0  stubs.o ABSOLUTE
    _printf_lld                              0x00000000   Number         0  stubs.o ABSOLUTE
    _printf_lli                              0x00000000   Number         0  stubs.o ABSOLUTE
    _printf_llo                              0x00000000   Number         0  stubs.o ABSOLUTE
    _printf_llu                              0x00000000   Number         0  stubs.o ABSOLUTE
    _printf_llx                              0x00000000   Number         0  stubs.o ABSOLUTE
    _printf_longlong_dec                     0x00000000   Number         0  stubs.o ABSOLUTE
    _printf_longlong_hex                     0x00000000   Number         0  stubs.o ABSOLUTE
    _printf_longlong_oct                     0x00000000   Number         0  stubs.o ABSOLUTE
    _printf_ls                               0x00000000   Number         0  stubs.o ABSOLUTE
    _printf_mbtowc                           0x00000000   Number         0  stubs.o ABSOLUTE
    _printf_n                                0x00000000   Number         0  stubs.o ABSOLUTE
    _printf_o                                0x00000000   Number         0  stubs.o ABSOLUTE
    _printf_p                                0x00000000   Number         0  stubs.o ABSOLUTE
    _printf_percent                          0x00000000   Number         0  stubs.o ABSOLUTE
    _printf_pre_padding                      0x00000000   Number         0  stubs.o ABSOLUTE
    _printf_return_value                     0x00000000   Number         0  stubs.o ABSOLUTE
    _printf_s                                0x00000000   Number         0  stubs.o ABSOLUTE
    _printf_sizespec                         0x00000000   Number         0  stubs.o ABSOLUTE
    _printf_str                              0x00000000   Number         0  stubs.o ABSOLUTE
    _printf_truncate_signed                  0x00000000   Number         0  stubs.o ABSOLUTE
    _printf_truncate_unsigned                0x00000000   Number         0  stubs.o ABSOLUTE
    _printf_u                                0x00000000   Number         0  stubs.o ABSOLUTE
    _printf_wc                               0x00000000   Number         0  stubs.o ABSOLUTE
    _printf_wctomb                           0x00000000   Number         0  stubs.o ABSOLUTE
    _printf_widthprec                        0x00000000   Number         0  stubs.o ABSOLUTE
    _printf_x                                0x00000000   Number         0  stubs.o ABSOLUTE
    TM_RTC_AlarmAHandler                      - Undefined Weak Reference
    TM_RTC_AlarmBHandler                      - Undefined Weak Reference
    TM_RTC_RequestHandler                     - Undefined Weak Reference
    __cpp_initialize__aeabi_                  - Undefined Weak Reference
    __cxa_finalize                            - Undefined Weak Reference
    _clock_init                               - Undefined Weak Reference
    _microlib_exit                            - Undefined Weak Reference
    __Vectors_Size                           0x00000188   Number         0  startup_stm32f407xx.o ABSOLUTE
    __Vectors                                0x08000000   Data           4  startup_stm32f407xx.o(RESET)
    __Vectors_End                            0x08000188   Data           0  startup_stm32f407xx.o(RESET)
    __main                                   0x08000189   Thumb Code     0  entry.o(.ARM.Collect$$$$00000000)
    _main_stk                                0x08000189   Thumb Code     0  entry2.o(.ARM.Collect$$$$00000001)
    _main_scatterload                        0x0800018d   Thumb Code     0  entry5.o(.ARM.Collect$$$$00000004)
    __main_after_scatterload                 0x08000191   Thumb Code     0  entry5.o(.ARM.Collect$$$$00000004)
    _main_clock                              0x08000191   Thumb Code     0  entry7b.o(.ARM.Collect$$$$00000008)
    _main_cpp_init                           0x08000191   Thumb Code     0  entry8b.o(.ARM.Collect$$$$0000000A)
    _main_init                               0x08000191   Thumb Code     0  entry9a.o(.ARM.Collect$$$$0000000B)
    __rt_final_cpp                           0x08000199   Thumb Code     0  entry10a.o(.ARM.Collect$$$$0000000D)
    __rt_final_exit                          0x08000199   Thumb Code     0  entry11a.o(.ARM.Collect$$$$0000000F)
    Reset_Handler                            0x0800019d   Thumb Code     8  startup_stm32f407xx.o(.text)
    NMI_Handler                              0x080001a5   Thumb Code     2  startup_stm32f407xx.o(.text)
    HardFault_Handler                        0x080001a7   Thumb Code     2  startup_stm32f407xx.o(.text)
    MemManage_Handler                        0x080001a9   Thumb Code     2  startup_stm32f407xx.o(.text)
    BusFault_Handler                         0x080001ab   Thumb Code     2  startup_stm32f407xx.o(.text)
    UsageFault_Handler                       0x080001ad   Thumb Code     2  startup_stm32f407xx.o(.text)
    SVC_Handler                              0x080001af   Thumb Code     2  startup_stm32f407xx.o(.text)
    DebugMon_Handler                         0x080001b1   Thumb Code     2  startup_stm32f407xx.o(.text)
    PendSV_Handler                           0x080001b3   Thumb Code     2  startup_stm32f407xx.o(.text)
    SysTick_Handler                          0x080001b5   Thumb Code     2  startup_stm32f407xx.o(.text)
    ADC_IRQHandler                           0x080001b7   Thumb Code     0  startup_stm32f407xx.o(.text)
    CAN1_RX0_IRQHandler                      0x080001b7   Thumb Code     0  startup_stm32f407xx.o(.text)
    CAN1_RX1_IRQHandler                      0x080001b7   Thumb Code     0  startup_stm32f407xx.o(.text)
    CAN1_SCE_IRQHandler                      0x080001b7   Thumb Code     0  startup_stm32f407xx.o(.text)
    CAN1_TX_IRQHandler                       0x080001b7   Thumb Code     0  startup_stm32f407xx.o(.text)
    CAN2_RX0_IRQHandler                      0x080001b7   Thumb Code     0  startup_stm32f407xx.o(.text)
    CAN2_RX1_IRQHandler                      0x080001b7   Thumb Code     0  startup_stm32f407xx.o(.text)
    CAN2_SCE_IRQHandler                      0x080001b7   Thumb Code     0  startup_stm32f407xx.o(.text)
    CAN2_TX_IRQHandler                       0x080001b7   Thumb Code     0  startup_stm32f407xx.o(.text)
    DCMI_IRQHandler                          0x080001b7   Thumb Code     0  startup_stm32f407xx.o(.text)
    DMA1_Stream0_IRQHandler                  0x080001b7   Thumb Code     0  startup_stm32f407xx.o(.text)
    DMA1_Stream1_IRQHandler                  0x080001b7   Thumb Code     0  startup_stm32f407xx.o(.text)
    DMA1_Stream2_IRQHandler                  0x080001b7   Thumb Code     0  startup_stm32f407xx.o(.text)
    DMA1_Stream3_IRQHandler                  0x080001b7   Thumb Code     0  startup_stm32f407xx.o(.text)
    DMA1_Stream4_IRQHandler                  0x080001b7   Thumb Code     0  startup_stm32f407xx.o(.text)
    DMA1_Stream5_IRQHandler                  0x080001b7   Thumb Code     0  startup_stm32f407xx.o(.text)
    DMA1_Stream6_IRQHandler                  0x080001b7   Thumb Code     0  startup_stm32f407xx.o(.text)
    DMA1_Stream7_IRQHandler                  0x080001b7   Thumb Code     0  startup_stm32f407xx.o(.text)
    DMA2_Stream0_IRQHandler                  0x080001b7   Thumb Code     0  startup_stm32f407xx.o(.text)
    DMA2_Stream1_IRQHandler                  0x080001b7   Thumb Code     0  startup_stm32f407xx.o(.text)
    DMA2_Stream2_IRQHandler                  0x080001b7   Thumb Code     0  startup_stm32f407xx.o(.text)
    DMA2_Stream3_IRQHandler                  0x080001b7   Thumb Code     0  startup_stm32f407xx.o(.text)
    DMA2_Stream4_IRQHandler                  0x080001b7   Thumb Code     0  startup_stm32f407xx.o(.text)
    DMA2_Stream5_IRQHandler                  0x080001b7   Thumb Code     0  startup_stm32f407xx.o(.text)
    DMA2_Stream6_IRQHandler                  0x080001b7   Thumb Code     0  startup_stm32f407xx.o(.text)
    DMA2_Stream7_IRQHandler                  0x080001b7   Thumb Code     0  startup_stm32f407xx.o(.text)
    ETH_IRQHandler                           0x080001b7   Thumb Code     0  startup_stm32f407xx.o(.text)
    ETH_WKUP_IRQHandler                      0x080001b7   Thumb Code     0  startup_stm32f407xx.o(.text)
    EXTI0_IRQHandler                         0x080001b7   Thumb Code     0  startup_stm32f407xx.o(.text)
    EXTI15_10_IRQHandler                     0x080001b7   Thumb Code     0  startup_stm32f407xx.o(.text)
    EXTI1_IRQHandler                         0x080001b7   Thumb Code     0  startup_stm32f407xx.o(.text)
    EXTI2_IRQHandler                         0x080001b7   Thumb Code     0  startup_stm32f407xx.o(.text)
    EXTI3_IRQHandler                         0x080001b7   Thumb Code     0  startup_stm32f407xx.o(.text)
    EXTI4_IRQHandler                         0x080001b7   Thumb Code     0  startup_stm32f407xx.o(.text)
    EXTI9_5_IRQHandler                       0x080001b7   Thumb Code     0  startup_stm32f407xx.o(.text)
    FLASH_IRQHandler                         0x080001b7   Thumb Code     0  startup_stm32f407xx.o(.text)
    FMC_IRQHandler                           0x080001b7   Thumb Code     0  startup_stm32f407xx.o(.text)
    FPU_IRQHandler                           0x080001b7   Thumb Code     0  startup_stm32f407xx.o(.text)
    HASH_RNG_IRQHandler                      0x080001b7   Thumb Code     0  startup_stm32f407xx.o(.text)
    I2C1_ER_IRQHandler                       0x080001b7   Thumb Code     0  startup_stm32f407xx.o(.text)
    I2C1_EV_IRQHandler                       0x080001b7   Thumb Code     0  startup_stm32f407xx.o(.text)
    I2C2_ER_IRQHandler                       0x080001b7   Thumb Code     0  startup_stm32f407xx.o(.text)
    I2C2_EV_IRQHandler                       0x080001b7   Thumb Code     0  startup_stm32f407xx.o(.text)
    I2C3_ER_IRQHandler                       0x080001b7   Thumb Code     0  startup_stm32f407xx.o(.text)
    I2C3_EV_IRQHandler                       0x080001b7   Thumb Code     0  startup_stm32f407xx.o(.text)
    OTG_FS_IRQHandler                        0x080001b7   Thumb Code     0  startup_stm32f407xx.o(.text)
    OTG_FS_WKUP_IRQHandler                   0x080001b7   Thumb Code     0  startup_stm32f407xx.o(.text)
    OTG_HS_EP1_IN_IRQHandler                 0x080001b7   Thumb Code     0  startup_stm32f407xx.o(.text)
    OTG_HS_EP1_OUT_IRQHandler                0x080001b7   Thumb Code     0  startup_stm32f407xx.o(.text)
    OTG_HS_IRQHandler                        0x080001b7   Thumb Code     0  startup_stm32f407xx.o(.text)
    OTG_HS_WKUP_IRQHandler                   0x080001b7   Thumb Code     0  startup_stm32f407xx.o(.text)
    PVD_IRQHandler                           0x080001b7   Thumb Code     0  startup_stm32f407xx.o(.text)
    RCC_IRQHandler                           0x080001b7   Thumb Code     0  startup_stm32f407xx.o(.text)
    SDIO_IRQHandler                          0x080001b7   Thumb Code     0  startup_stm32f407xx.o(.text)
    SPI1_IRQHandler                          0x080001b7   Thumb Code     0  startup_stm32f407xx.o(.text)
    SPI2_IRQHandler                          0x080001b7   Thumb Code     0  startup_stm32f407xx.o(.text)
    SPI3_IRQHandler                          0x080001b7   Thumb Code     0  startup_stm32f407xx.o(.text)
    TAMP_STAMP_IRQHandler                    0x080001b7   Thumb Code     0  startup_stm32f407xx.o(.text)
    TIM1_BRK_TIM9_IRQHandler                 0x080001b7   Thumb Code     0  startup_stm32f407xx.o(.text)
    TIM1_CC_IRQHandler                       0x080001b7   Thumb Code     0  startup_stm32f407xx.o(.text)
    TIM1_TRG_COM_TIM11_IRQHandler            0x080001b7   Thumb Code     0  startup_stm32f407xx.o(.text)
    TIM1_UP_TIM10_IRQHandler                 0x080001b7   Thumb Code     0  startup_stm32f407xx.o(.text)
    TIM2_IRQHandler                          0x080001b7   Thumb Code     0  startup_stm32f407xx.o(.text)
    TIM3_IRQHandler                          0x080001b7   Thumb Code     0  startup_stm32f407xx.o(.text)
    TIM4_IRQHandler                          0x080001b7   Thumb Code     0  startup_stm32f407xx.o(.text)
    TIM5_IRQHandler                          0x080001b7   Thumb Code     0  startup_stm32f407xx.o(.text)
    TIM6_DAC_IRQHandler                      0x080001b7   Thumb Code     0  startup_stm32f407xx.o(.text)
    TIM7_IRQHandler                          0x080001b7   Thumb Code     0  startup_stm32f407xx.o(.text)
    TIM8_BRK_TIM12_IRQHandler                0x080001b7   Thumb Code     0  startup_stm32f407xx.o(.text)
    TIM8_CC_IRQHandler                       0x080001b7   Thumb Code     0  startup_stm32f407xx.o(.text)
    TIM8_TRG_COM_TIM14_IRQHandler            0x080001b7   Thumb Code     0  startup_stm32f407xx.o(.text)
    TIM8_UP_TIM13_IRQHandler                 0x080001b7   Thumb Code     0  startup_stm32f407xx.o(.text)
    UART4_IRQHandler                         0x080001b7   Thumb Code     0  startup_stm32f407xx.o(.text)
    UART5_IRQHandler                         0x080001b7   Thumb Code     0  startup_stm32f407xx.o(.text)
    USART1_IRQHandler                        0x080001b7   Thumb Code     0  startup_stm32f407xx.o(.text)
    USART2_IRQHandler                        0x080001b7   Thumb Code     0  startup_stm32f407xx.o(.text)
    USART3_IRQHandler                        0x080001b7   Thumb Code     0  startup_stm32f407xx.o(.text)
    USART6_IRQHandler                        0x080001b7   Thumb Code     0  startup_stm32f407xx.o(.text)
    WWDG_IRQHandler                          0x080001b7   Thumb Code     0  startup_stm32f407xx.o(.text)
    __aeabi_dmul                             0x080001c1   Thumb Code   228  dmul.o(.text)
    __aeabi_ui2d                             0x080002a5   Thumb Code    26  dfltui.o(.text)
    __aeabi_d2uiz                            0x080002bf   Thumb Code    50  dfixui.o(.text)
    __aeabi_uidiv                            0x080002f1   Thumb Code     0  uidiv.o(.text)
    __aeabi_uidivmod                         0x080002f1   Thumb Code    44  uidiv.o(.text)
    __aeabi_llsr                             0x0800031d   Thumb Code    32  llushr.o(.text)
    _ll_ushift_r                             0x0800031d   Thumb Code     0  llushr.o(.text)
    __I$use$fp                               0x0800033d   Thumb Code     0  iusefp.o(.text)
    _double_round                            0x0800033d   Thumb Code    30  depilogue.o(.text)
    _double_epilogue                         0x0800035b   Thumb Code   156  depilogue.o(.text)
    __scatterload                            0x080003f9   Thumb Code    28  init.o(.text)
    __scatterload_rt2                        0x080003f9   Thumb Code     0  init.o(.text)
    __aeabi_llsl                             0x0800041d   Thumb Code    30  llshl.o(.text)
    _ll_shift_l                              0x0800041d   Thumb Code     0  llshl.o(.text)
    __decompress                             0x0800043b   Thumb Code     0  __dczerorl2.o(.text)
    __decompress1                            0x0800043b   Thumb Code    86  __dczerorl2.o(.text)
    ADC_Cmd                                  0x08000491   Thumb Code    20  stm32f4xx_adc.o(i.ADC_Cmd)
    ADC_CommonInit                           0x080004a5   Thumb Code    34  stm32f4xx_adc.o(i.ADC_CommonInit)
    ADC_Config                               0x080004d1   Thumb Code   214  main.o(i.ADC_Config)
    ADC_DMACmd                               0x080005b9   Thumb Code    20  stm32f4xx_adc.o(i.ADC_DMACmd)
    ADC_DMARequestAfterLastTransferCmd       0x080005cd   Thumb Code    20  stm32f4xx_adc.o(i.ADC_DMARequestAfterLastTransferCmd)
    ADC_Init                                 0x080005e1   Thumb Code    66  stm32f4xx_adc.o(i.ADC_Init)
    ADC_RegularChannelConfig                 0x0800062d   Thumb Code   116  stm32f4xx_adc.o(i.ADC_RegularChannelConfig)
    ADC_SoftwareStartConv                    0x080006a1   Thumb Code    10  stm32f4xx_adc.o(i.ADC_SoftwareStartConv)
    Bat_Tat                                  0x080006ad   Thumb Code   140  main.o(i.Bat_Tat)
    DMA_Cmd                                  0x08000745   Thumb Code    20  stm32f4xx_dma.o(i.DMA_Cmd)
    DMA_Init                                 0x08000759   Thumb Code    80  stm32f4xx_dma.o(i.DMA_Init)
    EXTI_ClearITPendingBit                   0x080007ad   Thumb Code     6  stm32f4xx_exti.o(i.EXTI_ClearITPendingBit)
    GPIO_Config                              0x080007b9   Thumb Code    98  main.o(i.GPIO_Config)
    GPIO_Init                                0x08000829   Thumb Code   162  stm32f4xx_gpio.o(i.GPIO_Init)
    GPIO_PinAFConfig                         0x080008cb   Thumb Code    32  stm32f4xx_gpio.o(i.GPIO_PinAFConfig)
    GPIO_ReadInputDataBit                    0x080008eb   Thumb Code    14  stm32f4xx_gpio.o(i.GPIO_ReadInputDataBit)
    GPIO_ResetBits                           0x080008f9   Thumb Code     4  stm32f4xx_gpio.o(i.GPIO_ResetBits)
    GPIO_SetBits                             0x080008fd   Thumb Code     4  stm32f4xx_gpio.o(i.GPIO_SetBits)
    PWR_BackupAccessCmd                      0x08000901   Thumb Code     6  stm32f4xx_pwr.o(i.PWR_BackupAccessCmd)
    RCC_AHB1PeriphClockCmd                   0x0800090d   Thumb Code    18  stm32f4xx_rcc.o(i.RCC_AHB1PeriphClockCmd)
    RCC_APB1PeriphClockCmd                   0x08000925   Thumb Code    18  stm32f4xx_rcc.o(i.RCC_APB1PeriphClockCmd)
    RCC_APB2PeriphClockCmd                   0x0800093d   Thumb Code    18  stm32f4xx_rcc.o(i.RCC_APB2PeriphClockCmd)
    RCC_GetFlagStatus                        0x08000955   Thumb Code    46  stm32f4xx_rcc.o(i.RCC_GetFlagStatus)
    RCC_LSEConfig                            0x08000989   Thumb Code    22  stm32f4xx_rcc.o(i.RCC_LSEConfig)
    RCC_LSICmd                               0x080009a5   Thumb Code     6  stm32f4xx_rcc.o(i.RCC_LSICmd)
    RCC_RTCCLKCmd                            0x080009b1   Thumb Code     6  stm32f4xx_rcc.o(i.RCC_RTCCLKCmd)
    RCC_RTCCLKConfig                         0x080009bd   Thumb Code    40  stm32f4xx_rcc.o(i.RCC_RTCCLKConfig)
    RTC_Alarm_IRQHandler                     0x080009ed   Thumb Code    58  tm_stm32f4_rtc.o(i.RTC_Alarm_IRQHandler)
    RTC_ClearITPendingBit                    0x08000a51   Thumb Code    24  stm32f4xx_rtc.o(i.RTC_ClearITPendingBit)
    RTC_EnterInitMode                        0x08000a6d   Thumb Code    56  stm32f4xx_rtc.o(i.RTC_EnterInitMode)
    RTC_ExitInitMode                         0x08000aa9   Thumb Code    12  stm32f4xx_rtc.o(i.RTC_ExitInitMode)
    RTC_GetDate                              0x08000ab9   Thumb Code    64  stm32f4xx_rtc.o(i.RTC_GetDate)
    RTC_GetITStatus                          0x08000b01   Thumb Code    46  stm32f4xx_rtc.o(i.RTC_GetITStatus)
    RTC_GetSubSecond                         0x08000b39   Thumb Code    12  stm32f4xx_rtc.o(i.RTC_GetSubSecond)
    RTC_GetTime                              0x08000b49   Thumb Code    68  stm32f4xx_rtc.o(i.RTC_GetTime)
    RTC_Init                                 0x08000b95   Thumb Code    74  stm32f4xx_rtc.o(i.RTC_Init)
    RTC_ReadBackupRegister                   0x08000be5   Thumb Code    14  stm32f4xx_rtc.o(i.RTC_ReadBackupRegister)
    RTC_SetDate                              0x08000bf9   Thumb Code   146  stm32f4xx_rtc.o(i.RTC_SetDate)
    RTC_SetTime                              0x08000c95   Thumb Code   152  stm32f4xx_rtc.o(i.RTC_SetTime)
    RTC_WKUP_IRQHandler                      0x08000d35   Thumb Code    34  tm_stm32f4_rtc.o(i.RTC_WKUP_IRQHandler)
    RTC_WaitForSynchro                       0x08000d59   Thumb Code    70  stm32f4xx_rtc.o(i.RTC_WaitForSynchro)
    RTC_WriteBackupRegister                  0x08000da5   Thumb Code    14  stm32f4xx_rtc.o(i.RTC_WriteBackupRegister)
    SystemInit                               0x08000db9   Thumb Code    66  system_stm32f4xx.o(i.SystemInit)
    TIM_ARRPreloadConfig                     0x08000e0d   Thumb Code    20  stm32f4xx_tim.o(i.TIM_ARRPreloadConfig)
    TIM_Cmd                                  0x08000e21   Thumb Code    20  stm32f4xx_tim.o(i.TIM_Cmd)
    TIM_CtrlPWMOutputs                       0x08000e35   Thumb Code    22  stm32f4xx_tim.o(i.TIM_CtrlPWMOutputs)
    TIM_OC1Init                              0x08000e4d   Thumb Code    88  stm32f4xx_tim.o(i.TIM_OC1Init)
    TIM_OC1PreloadConfig                     0x08000ead   Thumb Code    12  stm32f4xx_tim.o(i.TIM_OC1PreloadConfig)
    TIM_OC2Init                              0x08000eb9   Thumb Code   120  stm32f4xx_tim.o(i.TIM_OC2Init)
    TIM_OC2PreloadConfig                     0x08000f39   Thumb Code    20  stm32f4xx_tim.o(i.TIM_OC2PreloadConfig)
    TIM_OC3Init                              0x08000f4d   Thumb Code   116  stm32f4xx_tim.o(i.TIM_OC3Init)
    TIM_OC3PreloadConfig                     0x08000fc9   Thumb Code    12  stm32f4xx_tim.o(i.TIM_OC3PreloadConfig)
    TIM_PWM_Configuration                    0x08000fd5   Thumb Code   230  main.o(i.TIM_PWM_Configuration)
    TIM_TimeBaseInit                         0x080010cd   Thumb Code    96  stm32f4xx_tim.o(i.TIM_TimeBaseInit)
    TM_RTC_Config                            0x08001149   Thumb Code    80  tm_stm32f4_rtc.o(i.TM_RTC_Config)
    TM_RTC_GetDateTime                       0x08001199   Thumb Code    86  tm_stm32f4_rtc.o(i.TM_RTC_GetDateTime)
    TM_RTC_GetUnixTimeStamp                  0x080011f5   Thumb Code   190  tm_stm32f4_rtc.o(i.TM_RTC_GetUnixTimeStamp)
    TM_RTC_Init                              0x080012bd   Thumb Code   158  tm_stm32f4_rtc.o(i.TM_RTC_Init)
    TM_RTC_SetDateTime                       0x08001361   Thumb Code   492  tm_stm32f4_rtc.o(i.TM_RTC_SetDateTime)
    __0printf$1                              0x08001555   Thumb Code    22  printf1.o(i.__0printf$1)
    __1printf$1                              0x08001555   Thumb Code     0  printf1.o(i.__0printf$1)
    __2printf                                0x08001555   Thumb Code     0  printf1.o(i.__0printf$1)
    __scatterload_copy                       0x08001575   Thumb Code    14  handlers.o(i.__scatterload_copy)
    __scatterload_null                       0x08001583   Thumb Code     2  handlers.o(i.__scatterload_null)
    __scatterload_zeroinit                   0x08001585   Thumb Code    14  handlers.o(i.__scatterload_zeroinit)
    cai_dat                                  0x080016e9   Thumb Code  4966  main.o(i.cai_dat)
    fputc                                    0x08002af9   Thumb Code    14  reprintf.o(i.fputc)
    hien_thi                                 0x08002b09   Thumb Code   464  main.o(i.hien_thi)
    lcd_Clear                                0x08002d75   Thumb Code    18  lcd.o(i.lcd_Clear)
    lcd_Control_Write                        0x08002d89   Thumb Code    14  lcd.o(i.lcd_Control_Write)
    lcd_Data_Write                           0x08002d9d   Thumb Code    26  lcd.o(i.lcd_Data_Write)
    lcd_Goto                                 0x08002dbd   Thumb Code    54  lcd.o(i.lcd_Goto)
    lcd_Init                                 0x08002df3   Thumb Code    98  lcd.o(i.lcd_Init)
    lcd_Init_HW                              0x08002e55   Thumb Code    98  lcd.o(i.lcd_Init_HW)
    lcd_data_line_write                      0x08002ec9   Thumb Code   204  lcd.o(i.lcd_data_line_write)
    main                                     0x08002fa1   Thumb Code   186  main.o(i.main)
    tinh_ngay_am                             0x08003099   Thumb Code   102  main.o(i.tinh_ngay_am)
    xu_ly                                    0x08003109   Thumb Code   180  main.o(i.xu_ly)
    Region$$Table$$Base                      0x080031c8   Number         0  anon$$obj.o(Region$$Table)
    Region$$Table$$Limit                     0x080031e8   Number         0  anon$$obj.o(Region$$Table)
    dem                                      0x20000000   Data           1  main.o(.data)
    bam                                      0x20000001   Data           1  main.o(.data)
    a                                        0x20000002   Data           1  main.o(.data)
    b                                        0x20000003   Data           1  main.o(.data)
    c                                        0x20000004   Data           1  main.o(.data)
    g                                        0x20000005   Data           1  main.o(.data)
    k                                        0x20000006   Data           1  main.o(.data)
    d                                        0x20000007   Data           1  main.o(.data)
    e                                        0x20000008   Data           1  main.o(.data)
    f                                        0x20000009   Data           1  main.o(.data)
    h                                        0x2000000a   Data           1  main.o(.data)
    ab                                       0x2000000b   Data           1  main.o(.data)
    ac                                       0x2000000c   Data           1  main.o(.data)
    bc                                       0x2000000d   Data           1  main.o(.data)
    abc                                      0x2000000e   Data           1  main.o(.data)
    Y1                                       0x2000000f   Data           1  main.o(.data)
    nam_am                                   0x20000010   Data           1  main.o(.data)
    X                                        0x20000011   Data           1  main.o(.data)
    a1                                       0x20000012   Data           1  main.o(.data)
    a2                                       0x20000013   Data           1  main.o(.data)
    a3                                       0x20000014   Data           1  main.o(.data)
    a4                                       0x20000015   Data           1  main.o(.data)
    a5                                       0x20000016   Data           1  main.o(.data)
    a6                                       0x20000017   Data           1  main.o(.data)
    a7                                       0x20000018   Data           1  main.o(.data)
    k1                                       0x20000019   Data           1  main.o(.data)
    l1                                       0x2000001a   Data           1  main.o(.data)
    a8                                       0x2000001b   Data           1  main.o(.data)
    ngay_am                                  0x2000001c   Data           1  main.o(.data)
    thang_am                                 0x2000001d   Data           1  main.o(.data)
    x                                        0x2000001e   Data           1  main.o(.data)
    y                                        0x2000001f   Data           1  main.o(.data)
    z                                        0x20000020   Data           1  main.o(.data)
    xyz                                      0x20000021   Data           1  main.o(.data)
    l                                        0x20000022   Data           1  main.o(.data)
    ADCValue                                 0x20000024   Data           2  main.o(.data)
    ND                                       0x20000026   Data           2  main.o(.data)
    i                                        0x20000028   Data           2  main.o(.data)
    ALdauthangDL                             0x2000002a   Data         132  main.o(.data)
    thangALdauthangDL                        0x200000ae   Data         132  main.o(.data)
    DLdauthangAL                             0x20000132   Data         132  main.o(.data)
    thangALdauthangAL                        0x200001b6   Data         132  main.o(.data)
    TM_RTC_Status                            0x2000023c   Data           4  tm_stm32f4_rtc.o(.data)
    RTC_TimeStruct                           0x20000240   Data           4  tm_stm32f4_rtc.o(.data)
    RTC_DateStruct                           0x20000244   Data           4  tm_stm32f4_rtc.o(.data)
    NVIC_InitStruct                          0x20000248   Data           4  tm_stm32f4_rtc.o(.data)
    EXTI_InitStruct                          0x2000024c   Data           8  tm_stm32f4_rtc.o(.data)
    TM_RTC_Months                            0x20000254   Data          24  tm_stm32f4_rtc.o(.data)
    SystemCoreClock                          0x2000026c   Data           4  system_stm32f4xx.o(.data)
    AHBPrescTable                            0x20000270   Data          16  system_stm32f4xx.o(.data)
    __stdout                                 0x20000280   Data           4  stdout.o(.data)
    datatime                                 0x20000284   Data          16  main.o(.bss)
    RTC_InitStruct                           0x20000294   Data          12  tm_stm32f4_rtc.o(.bss)
    __initial_sp                             0x200006a0   Data           0  startup_stm32f407xx.o(STACK)



==============================================================================

Memory Map of the image

  Image Entry point : 0x08000189

  Load Region LR_IROM1 (Base: 0x08000000, Size: 0x0000346c, Max: 0x00100000, ABSOLUTE, COMPRESSED[0x00003320])

    Execution Region ER_IROM1 (Exec base: 0x08000000, Load base: 0x08000000, Size: 0x000031e8, Max: 0x00100000, ABSOLUTE)

    Exec Addr    Load Addr    Size         Type   Attr      Idx    E Section Name        Object

    0x08000000   0x08000000   0x00000188   Data   RO         2361    RESET               startup_stm32f407xx.o
    0x08000188   0x08000188   0x00000000   Code   RO         2402  * .ARM.Collect$$$$00000000  mc_w.l(entry.o)
    0x08000188   0x08000188   0x00000004   Code   RO         2672    .ARM.Collect$$$$00000001  mc_w.l(entry2.o)
    0x0800018c   0x0800018c   0x00000004   Code   RO         2675    .ARM.Collect$$$$00000004  mc_w.l(entry5.o)
    0x08000190   0x08000190   0x00000000   Code   RO         2677    .ARM.Collect$$$$00000008  mc_w.l(entry7b.o)
    0x08000190   0x08000190   0x00000000   Code   RO         2679    .ARM.Collect$$$$0000000A  mc_w.l(entry8b.o)
    0x08000190   0x08000190   0x00000008   Code   RO         2680    .ARM.Collect$$$$0000000B  mc_w.l(entry9a.o)
    0x08000198   0x08000198   0x00000000   Code   RO         2682    .ARM.Collect$$$$0000000D  mc_w.l(entry10a.o)
    0x08000198   0x08000198   0x00000000   Code   RO         2684    .ARM.Collect$$$$0000000F  mc_w.l(entry11a.o)
    0x08000198   0x08000198   0x00000004   Code   RO         2673    .ARM.Collect$$$$00002712  mc_w.l(entry2.o)
    0x0800019c   0x0800019c   0x00000024   Code   RO         2362    .text               startup_stm32f407xx.o
    0x080001c0   0x080001c0   0x000000e4   Code   RO         2666    .text               mf_w.l(dmul.o)
    0x080002a4   0x080002a4   0x0000001a   Code   RO         2668    .text               mf_w.l(dfltui.o)
    0x080002be   0x080002be   0x00000032   Code   RO         2670    .text               mf_w.l(dfixui.o)
    0x080002f0   0x080002f0   0x0000002c   Code   RO         2687    .text               mc_w.l(uidiv.o)
    0x0800031c   0x0800031c   0x00000020   Code   RO         2691    .text               mc_w.l(llushr.o)
    0x0800033c   0x0800033c   0x00000000   Code   RO         2693    .text               mc_w.l(iusefp.o)
    0x0800033c   0x0800033c   0x000000ba   Code   RO         2694    .text               mf_w.l(depilogue.o)
    0x080003f6   0x080003f6   0x00000002   PAD
    0x080003f8   0x080003f8   0x00000024   Code   RO         2704    .text               mc_w.l(init.o)
    0x0800041c   0x0800041c   0x0000001e   Code   RO         2706    .text               mc_w.l(llshl.o)
    0x0800043a   0x0800043a   0x00000056   Code   RO         2718    .text               mc_w.l(__dczerorl2.o)
    0x08000490   0x08000490   0x00000014   Code   RO         1439    i.ADC_Cmd           stm32f4xx_adc.o
    0x080004a4   0x080004a4   0x0000002c   Code   RO         1440    i.ADC_CommonInit    stm32f4xx_adc.o
    0x080004d0   0x080004d0   0x000000e8   Code   RO            4    i.ADC_Config        main.o
    0x080005b8   0x080005b8   0x00000014   Code   RO         1443    i.ADC_DMACmd        stm32f4xx_adc.o
    0x080005cc   0x080005cc   0x00000014   Code   RO         1444    i.ADC_DMARequestAfterLastTransferCmd  stm32f4xx_adc.o
    0x080005e0   0x080005e0   0x0000004c   Code   RO         1459    i.ADC_Init          stm32f4xx_adc.o
    0x0800062c   0x0800062c   0x00000074   Code   RO         1464    i.ADC_RegularChannelConfig  stm32f4xx_adc.o
    0x080006a0   0x080006a0   0x0000000a   Code   RO         1466    i.ADC_SoftwareStartConv  stm32f4xx_adc.o
    0x080006aa   0x080006aa   0x00000002   PAD
    0x080006ac   0x080006ac   0x00000098   Code   RO            5    i.Bat_Tat           main.o
    0x08000744   0x08000744   0x00000014   Code   RO         2232    i.DMA_Cmd           stm32f4xx_dma.o
    0x08000758   0x08000758   0x00000054   Code   RO         2244    i.DMA_Init          stm32f4xx_dma.o
    0x080007ac   0x080007ac   0x0000000c   Code   RO         1230    i.EXTI_ClearITPendingBit  stm32f4xx_exti.o
    0x080007b8   0x080007b8   0x00000070   Code   RO            7    i.GPIO_Config       main.o
    0x08000828   0x08000828   0x000000a2   Code   RO          486    i.GPIO_Init         stm32f4xx_gpio.o
    0x080008ca   0x080008ca   0x00000020   Code   RO          487    i.GPIO_PinAFConfig  stm32f4xx_gpio.o
    0x080008ea   0x080008ea   0x0000000e   Code   RO          490    i.GPIO_ReadInputDataBit  stm32f4xx_gpio.o
    0x080008f8   0x080008f8   0x00000004   Code   RO          493    i.GPIO_ResetBits    stm32f4xx_gpio.o
    0x080008fc   0x080008fc   0x00000004   Code   RO          494    i.GPIO_SetBits      stm32f4xx_gpio.o
    0x08000900   0x08000900   0x0000000c   Code   RO         1295    i.PWR_BackupAccessCmd  stm32f4xx_pwr.o
    0x0800090c   0x0800090c   0x00000018   Code   RO          587    i.RCC_AHB1PeriphClockCmd  stm32f4xx_rcc.o
    0x08000924   0x08000924   0x00000018   Code   RO          596    i.RCC_APB1PeriphClockCmd  stm32f4xx_rcc.o
    0x0800093c   0x0800093c   0x00000018   Code   RO          599    i.RCC_APB2PeriphClockCmd  stm32f4xx_rcc.o
    0x08000954   0x08000954   0x00000034   Code   RO          609    i.RCC_GetFlagStatus  stm32f4xx_rcc.o
    0x08000988   0x08000988   0x0000001c   Code   RO          617    i.RCC_LSEConfig     stm32f4xx_rcc.o
    0x080009a4   0x080009a4   0x0000000c   Code   RO          618    i.RCC_LSICmd        stm32f4xx_rcc.o
    0x080009b0   0x080009b0   0x0000000c   Code   RO          627    i.RCC_RTCCLKCmd     stm32f4xx_rcc.o
    0x080009bc   0x080009bc   0x00000030   Code   RO          628    i.RCC_RTCCLKConfig  stm32f4xx_rcc.o
    0x080009ec   0x080009ec   0x0000003a   Code   RO          215    i.RTC_Alarm_IRQHandler  tm_stm32f4_rtc.o
    0x08000a26   0x08000a26   0x00000012   Code   RO          874    i.RTC_Bcd2ToByte    stm32f4xx_rtc.o
    0x08000a38   0x08000a38   0x00000018   Code   RO          876    i.RTC_ByteToBcd2    stm32f4xx_rtc.o
    0x08000a50   0x08000a50   0x0000001c   Code   RO          880    i.RTC_ClearITPendingBit  stm32f4xx_rtc.o
    0x08000a6c   0x08000a6c   0x0000003c   Code   RO          886    i.RTC_EnterInitMode  stm32f4xx_rtc.o
    0x08000aa8   0x08000aa8   0x00000010   Code   RO          887    i.RTC_ExitInitMode  stm32f4xx_rtc.o
    0x08000ab8   0x08000ab8   0x00000048   Code   RO          890    i.RTC_GetDate       stm32f4xx_rtc.o
    0x08000b00   0x08000b00   0x00000038   Code   RO          892    i.RTC_GetITStatus   stm32f4xx_rtc.o
    0x08000b38   0x08000b38   0x00000010   Code   RO          894    i.RTC_GetSubSecond  stm32f4xx_rtc.o
    0x08000b48   0x08000b48   0x0000004c   Code   RO          895    i.RTC_GetTime       stm32f4xx_rtc.o
    0x08000b94   0x08000b94   0x00000050   Code   RO          900    i.RTC_Init          stm32f4xx_rtc.o
    0x08000be4   0x08000be4   0x00000014   Code   RO          903    i.RTC_ReadBackupRegister  stm32f4xx_rtc.o
    0x08000bf8   0x08000bf8   0x0000009c   Code   RO          906    i.RTC_SetDate       stm32f4xx_rtc.o
    0x08000c94   0x08000c94   0x000000a0   Code   RO          907    i.RTC_SetTime       stm32f4xx_rtc.o
    0x08000d34   0x08000d34   0x00000022   Code   RO          216    i.RTC_WKUP_IRQHandler  tm_stm32f4_rtc.o
    0x08000d56   0x08000d56   0x00000002   PAD
    0x08000d58   0x08000d58   0x0000004c   Code   RO          923    i.RTC_WaitForSynchro  stm32f4xx_rtc.o
    0x08000da4   0x08000da4   0x00000014   Code   RO          926    i.RTC_WriteBackupRegister  stm32f4xx_rtc.o
    0x08000db8   0x08000db8   0x00000054   Code   RO         2370    i.SystemInit        system_stm32f4xx.o
    0x08000e0c   0x08000e0c   0x00000014   Code   RO         1681    i.TIM_ARRPreloadConfig  stm32f4xx_tim.o
    0x08000e20   0x08000e20   0x00000014   Code   RO         1693    i.TIM_Cmd           stm32f4xx_tim.o
    0x08000e34   0x08000e34   0x00000016   Code   RO         1695    i.TIM_CtrlPWMOutputs  stm32f4xx_tim.o
    0x08000e4a   0x08000e4a   0x00000002   PAD
    0x08000e4c   0x08000e4c   0x00000060   Code   RO         1722    i.TIM_OC1Init       stm32f4xx_tim.o
    0x08000eac   0x08000eac   0x0000000c   Code   RO         1725    i.TIM_OC1PreloadConfig  stm32f4xx_tim.o
    0x08000eb8   0x08000eb8   0x00000080   Code   RO         1727    i.TIM_OC2Init       stm32f4xx_tim.o
    0x08000f38   0x08000f38   0x00000014   Code   RO         1730    i.TIM_OC2PreloadConfig  stm32f4xx_tim.o
    0x08000f4c   0x08000f4c   0x0000007c   Code   RO         1732    i.TIM_OC3Init       stm32f4xx_tim.o
    0x08000fc8   0x08000fc8   0x0000000c   Code   RO         1735    i.TIM_OC3PreloadConfig  stm32f4xx_tim.o
    0x08000fd4   0x08000fd4   0x000000f8   Code   RO            8    i.TIM_PWM_Configuration  main.o
    0x080010cc   0x080010cc   0x0000007c   Code   RO         1765    i.TIM_TimeBaseInit  stm32f4xx_tim.o
    0x08001148   0x08001148   0x00000050   Code   RO          217    i.TM_RTC_Config     tm_stm32f4_rtc.o
    0x08001198   0x08001198   0x0000005c   Code   RO          219    i.TM_RTC_GetDateTime  tm_stm32f4_rtc.o
    0x080011f4   0x080011f4   0x000000c8   Code   RO          223    i.TM_RTC_GetUnixTimeStamp  tm_stm32f4_rtc.o
    0x080012bc   0x080012bc   0x000000a4   Code   RO          224    i.TM_RTC_Init       tm_stm32f4_rtc.o
    0x08001360   0x08001360   0x000001f4   Code   RO          227    i.TM_RTC_SetDateTime  tm_stm32f4_rtc.o
    0x08001554   0x08001554   0x00000020   Code   RO         2450    i.__0printf$1       mc_w.l(printf1.o)
    0x08001574   0x08001574   0x0000000e   Code   RO         2712    i.__scatterload_copy  mc_w.l(handlers.o)
    0x08001582   0x08001582   0x00000002   Code   RO         2713    i.__scatterload_null  mc_w.l(handlers.o)
    0x08001584   0x08001584   0x0000000e   Code   RO         2714    i.__scatterload_zeroinit  mc_w.l(handlers.o)
    0x08001592   0x08001592   0x00000002   PAD
    0x08001594   0x08001594   0x00000154   Code   RO         2457    i._printf_core      mc_w.l(printf1.o)
    0x080016e8   0x080016e8   0x000013fc   Code   RO            9    i.cai_dat           main.o
    0x08002ae4   0x08002ae4   0x00000014   Code   RO          409    i.delay             lcd.o
    0x08002af8   0x08002af8   0x0000000e   Code   RO          385    i.fputc             reprintf.o
    0x08002b06   0x08002b06   0x00000002   PAD
    0x08002b08   0x08002b08   0x0000026c   Code   RO           10    i.hien_thi          main.o
    0x08002d74   0x08002d74   0x00000012   Code   RO          410    i.lcd_Clear         lcd.o
    0x08002d86   0x08002d86   0x00000002   PAD
    0x08002d88   0x08002d88   0x00000014   Code   RO          411    i.lcd_Control_Write  lcd.o
    0x08002d9c   0x08002d9c   0x00000020   Code   RO          412    i.lcd_Data_Write    lcd.o
    0x08002dbc   0x08002dbc   0x00000036   Code   RO          413    i.lcd_Goto          lcd.o
    0x08002df2   0x08002df2   0x00000062   Code   RO          415    i.lcd_Init          lcd.o
    0x08002e54   0x08002e54   0x00000074   Code   RO          416    i.lcd_Init_HW       lcd.o
    0x08002ec8   0x08002ec8   0x000000d8   Code   RO          418    i.lcd_data_line_write  lcd.o
    0x08002fa0   0x08002fa0   0x000000f8   Code   RO           11    i.main              main.o
    0x08003098   0x08003098   0x00000070   Code   RO           12    i.tinh_ngay_am      main.o
    0x08003108   0x08003108   0x000000c0   Code   RO           13    i.xu_ly             main.o
    0x080031c8   0x080031c8   0x00000020   Data   RO         2710    Region$$Table       anon$$obj.o


    Execution Region RW_IRAM1 (Exec base: 0x20000000, Load base: 0x080031e8, Size: 0x000006a0, Max: 0x00020000, ABSOLUTE, COMPRESSED[0x00000138])

    Exec Addr    Load Addr    Size         Type   Attr      Idx    E Section Name        Object

    0x20000000   COMPRESSED   0x0000023a   Data   RW           15    .data               main.o
    0x2000023a   COMPRESSED   0x00000002   PAD
    0x2000023c   COMPRESSED   0x00000030   Data   RW          230    .data               tm_stm32f4_rtc.o
    0x2000026c   COMPRESSED   0x00000014   Data   RW         2371    .data               system_stm32f4xx.o
    0x20000280   COMPRESSED   0x00000004   Data   RW         2686    .data               mc_w.l(stdout.o)
    0x20000284        -       0x00000010   Zero   RW           14    .bss                main.o
    0x20000294        -       0x0000000c   Zero   RW          229    .bss                tm_stm32f4_rtc.o
    0x200002a0        -       0x00000400   Zero   RW         2359    STACK               startup_stm32f407xx.o


==============================================================================

Image component sizes


      Code (inc. data)   RO Data    RW Data    ZI Data      Debug   Object Name

       574         42          0          0          0       4537   lcd.o
      7032        880          0        570         16     279529   main.o
        14          0          0          0          0        520   reprintf.o
        36          8        392          0       1024        844   startup_stm32f407xx.o
       306         20          0          0          0       5983   stm32f4xx_adc.o
       104          4          0          0          0       2561   stm32f4xx_dma.o
        12          6          0          0          0        593   stm32f4xx_exti.o
       216          0          0          0          0       3891   stm32f4xx_gpio.o
        12          6          0          0          0        582   stm32f4xx_pwr.o
       224         50          0          0          0       5107   stm32f4xx_rcc.o
       878         84          0          0          0      11455   stm32f4xx_rtc.o
       578         52          0          0          0       8523   stm32f4xx_tim.o
        84         18          0         20          0       1177   system_stm32f4xx.o
      1128         30          0         48         12     285082   tm_stm32f4_rtc.o

    ----------------------------------------------------------------------
     11208       1200        424        640       1052     610384   Object Totals
         0          0         32          0          0          0   (incl. Generated)
        10          0          0          2          0          0   (incl. Padding)

    ----------------------------------------------------------------------

      Code (inc. data)   RO Data    RW Data    ZI Data      Debug   Library Member Name

        86          0          0          0          0          0   __dczerorl2.o
         0          0          0          0          0          0   entry.o
         0          0          0          0          0          0   entry10a.o
         0          0          0          0          0          0   entry11a.o
         8          4          0          0          0          0   entry2.o
         4          0          0          0          0          0   entry5.o
         0          0          0          0          0          0   entry7b.o
         0          0          0          0          0          0   entry8b.o
         8          4          0          0          0          0   entry9a.o
        30          0          0          0          0          0   handlers.o
        36          8          0          0          0         68   init.o
         0          0          0          0          0          0   iusefp.o
        30          0          0          0          0         68   llshl.o
        32          0          0          0          0         68   llushr.o
       372         14          0          0          0        184   printf1.o
         0          0          0          4          0          0   stdout.o
        44          0          0          0          0         80   uidiv.o
       186          0          0          0          0        176   depilogue.o
        50          0          0          0          0         76   dfixui.o
        26          0          0          0          0         76   dfltui.o
       228          0          0          0          0         96   dmul.o

    ----------------------------------------------------------------------
      1144         30          0          4          0        892   Library Totals
         4          0          0          0          0          0   (incl. Padding)

    ----------------------------------------------------------------------

      Code (inc. data)   RO Data    RW Data    ZI Data      Debug   Library Name

       650         30          0          4          0        468   mc_w.l
       490          0          0          0          0        424   mf_w.l

    ----------------------------------------------------------------------
      1144         30          0          4          0        892   Library Totals

    ----------------------------------------------------------------------

==============================================================================


      Code (inc. data)   RO Data    RW Data    ZI Data      Debug   

     12352       1230        424        644       1052     604244   Grand Totals
     12352       1230        424        312       1052     604244   ELF Image Totals (compressed)
     12352       1230        424        312          0          0   ROM Totals

==============================================================================

    Total RO  Size (Code + RO Data)                12776 (  12.48kB)
    Total RW  Size (RW Data + ZI Data)              1696 (   1.66kB)
    Total ROM Size (Code + RO Data + RW Data)      13088 (  12.78kB)

==============================================================================

